[0.007s] Invoking command in '/home/yutou/ros2_ws/build/all': CMAKE_PREFIX_PATH=${CMAKE_PREFIX_PATH}:/opt/ros/humble /usr/bin/cmake /home/yutou/ros2_ws/src/all -DCMAKE_INSTALL_PREFIX=/home/yutou/ros2_ws/install/all
[0.077s] -- The C compiler identification is GNU 11.4.0
[0.128s] -- The CXX compiler identification is GNU 11.4.0
[0.139s] -- Detecting C compiler ABI info
[0.213s] -- Detecting C compiler ABI info - done
[0.217s] -- Check for working C compiler: /usr/bin/cc - skipped
[0.218s] -- Detecting C compile features
[0.218s] -- Detecting C compile features - done
[0.220s] -- Detecting CXX compiler ABI info
[0.307s] -- Detecting CXX compiler ABI info - done
[0.312s] -- Check for working CXX compiler: /usr/bin/c++ - skipped
[0.313s] -- Detecting CXX compile features
[0.313s] -- Detecting CXX compile features - done
[0.317s] -- Found ament_cmake: 1.3.12 (/opt/ros/humble/share/ament_cmake/cmake)
[0.450s] -- Found Python3: /usr/bin/python3 (found version "3.10.12") found components: Interpreter 
[0.544s] -- Found ament_lint_auto: 0.12.14 (/opt/ros/humble/share/ament_lint_auto/cmake)
[0.612s] -- Added test 'flake8' to check Python code syntax and style conventions
[0.612s] -- Added test 'lint_cmake' to check CMake code style
[0.612s] -- Added test 'pep257' to check Python code against some of the docstring style conventions in PEP 257
[0.613s] -- Added test 'xmllint' to check XML markup files
[0.614s] -- Configuring done
[0.615s] -- Generating done
[0.616s] -- Build files have been written to: /home/yutou/ros2_ws/build/all
[0.619s] Invoked command in '/home/yutou/ros2_ws/build/all' returned '0': CMAKE_PREFIX_PATH=${CMAKE_PREFIX_PATH}:/opt/ros/humble /usr/bin/cmake /home/yutou/ros2_ws/src/all -DCMAKE_INSTALL_PREFIX=/home/yutou/ros2_ws/install/all
[0.625s] Invoking command in '/home/yutou/ros2_ws/build/all': CMAKE_PREFIX_PATH=${CMAKE_PREFIX_PATH}:/opt/ros/humble /usr/bin/cmake --build /home/yutou/ros2_ws/build/all -- -j28 -l28
[0.668s] Invoked command in '/home/yutou/ros2_ws/build/all' returned '0': CMAKE_PREFIX_PATH=${CMAKE_PREFIX_PATH}:/opt/ros/humble /usr/bin/cmake --build /home/yutou/ros2_ws/build/all -- -j28 -l28
[0.682s] Invoking command in '/home/yutou/ros2_ws/build/all': CMAKE_PREFIX_PATH=${CMAKE_PREFIX_PATH}:/opt/ros/humble /usr/bin/cmake --install /home/yutou/ros2_ws/build/all
[0.690s] -- Install configuration: ""
[0.690s] -- Installing: /home/yutou/ros2_ws/install/all/share/all/launch
[0.690s] -- Installing: /home/yutou/ros2_ws/install/all/share/all/launch/tf.launch.py
[0.690s] -- Installing: /home/yutou/ros2_ws/install/all/share/all/launch/run.launch.py
[0.690s] -- Installing: /home/yutou/ros2_ws/install/all/share/all/launch/bag_record.launch.py
[0.690s] -- Installing: /home/yutou/ros2_ws/install/all/share/ament_index/resource_index/package_run_dependencies/all
[0.690s] -- Installing: /home/yutou/ros2_ws/install/all/share/ament_index/resource_index/parent_prefix_path/all
[0.691s] -- Installing: /home/yutou/ros2_ws/install/all/share/all/environment/ament_prefix_path.sh
[0.691s] -- Installing: /home/yutou/ros2_ws/install/all/share/all/environment/ament_prefix_path.dsv
[0.691s] -- Installing: /home/yutou/ros2_ws/install/all/share/all/environment/path.sh
[0.691s] -- Installing: /home/yutou/ros2_ws/install/all/share/all/environment/path.dsv
[0.691s] -- Installing: /home/yutou/ros2_ws/install/all/share/all/local_setup.bash
[0.691s] -- Installing: /home/yutou/ros2_ws/install/all/share/all/local_setup.sh
[0.691s] -- Installing: /home/yutou/ros2_ws/install/all/share/all/local_setup.zsh
[0.691s] -- Installing: /home/yutou/ros2_ws/install/all/share/all/local_setup.dsv
[0.691s] -- Installing: /home/yutou/ros2_ws/install/all/share/all/package.dsv
[0.691s] -- Installing: /home/yutou/ros2_ws/install/all/share/ament_index/resource_index/packages/all
[0.691s] -- Installing: /home/yutou/ros2_ws/install/all/share/all/cmake/allConfig.cmake
[0.692s] -- Installing: /home/yutou/ros2_ws/install/all/share/all/cmake/allConfig-version.cmake
[0.692s] -- Installing: /home/yutou/ros2_ws/install/all/share/all/package.xml
[0.693s] Invoked command in '/home/yutou/ros2_ws/build/all' returned '0': CMAKE_PREFIX_PATH=${CMAKE_PREFIX_PATH}:/opt/ros/humble /usr/bin/cmake --install /home/yutou/ros2_ws/build/all
