[0.100s] DEBUG:colcon:Command line arguments: ['/usr/bin/colcon', 'build', '--event-handlers', 'console_direct+', '--cmake-args', '-DCMAKE_BUILD_TYPE=Release']
[0.101s] DEBUG:colcon:Parsed command line arguments: Namespace(log_base=None, log_level=None, verb_name='build', build_base='build', install_base='install', merge_install=False, symlink_install=False, test_result_base=None, continue_on_error=False, executor='parallel', parallel_workers=28, event_handlers=['console_direct+'], ignore_user_meta=False, metas=['./colcon.meta'], base_paths=['.'], packages_ignore=None, packages_ignore_regex=None, paths=None, packages_up_to=None, packages_up_to_regex=None, packages_above=None, packages_above_and_dependencies=None, packages_above_depth=None, packages_select_by_dep=None, packages_skip_by_dep=None, packages_skip_up_to=None, packages_select_build_failed=False, packages_skip_build_finished=False, packages_select_test_failures=False, packages_skip_test_passed=False, packages_select=None, packages_skip=None, packages_select_regex=None, packages_skip_regex=None, packages_start=None, packages_end=None, cmake_args=['-DCMAKE_BUILD_TYPE=Release'], cmake_target=None, cmake_target_skip_unavailable=False, cmake_clean_cache=False, cmake_clean_first=False, cmake_force_configure=False, ament_cmake_args=None, catkin_cmake_args=None, catkin_skip_building_tests=False, mixin_files=None, mixin=None, verb_parser=<colcon_mixin.mixin.mixin_argument.MixinArgumentDecorator object at 0x79c744f943a0>, verb_extension=<colcon_core.verb.build.BuildVerb object at 0x79c74509d2a0>, main=<bound method BuildVerb.main of <colcon_core.verb.build.BuildVerb object at 0x79c74509d2a0>>, mixin_verb=('build',))
[0.215s] Level 1:colcon.colcon_core.package_discovery:discover_packages(colcon_meta) check parameters
[0.216s] INFO:colcon.colcon_metadata.package_discovery.colcon_meta:Using configuration from '/root/.colcon/metadata/default/Gazebo.meta'
[0.216s] INFO:colcon.colcon_metadata.package_discovery.colcon_meta:Using configuration from '/root/.colcon/metadata/default/fastdds.meta'
[0.216s] INFO:colcon.colcon_metadata.package_discovery.colcon_meta:Using configuration from '/root/.colcon/metadata/default/fastrtps.meta'
[0.217s] Level 1:colcon.colcon_core.package_discovery:discover_packages(recursive) check parameters
[0.217s] Level 1:colcon.colcon_core.package_discovery:discover_packages(ignore) check parameters
[0.217s] Level 1:colcon.colcon_core.package_discovery:discover_packages(path) check parameters
[0.217s] Level 1:colcon.colcon_core.package_discovery:discover_packages(colcon_meta) discover
[0.217s] Level 1:colcon.colcon_core.package_discovery:discover_packages(recursive) discover
[0.217s] INFO:colcon.colcon_core.package_discovery:Crawling recursively for packages in '/ros-humble-ros1-bridge'
[0.217s] Level 1:colcon.colcon_core.package_identification:_identify(.) by extensions ['ignore', 'ignore_ament_install']
[0.217s] Level 1:colcon.colcon_core.package_identification:_identify(.) by extension 'ignore'
[0.217s] Level 1:colcon.colcon_core.package_identification:_identify(.) by extension 'ignore_ament_install'
[0.217s] Level 1:colcon.colcon_core.package_identification:_identify(.) by extensions ['colcon_pkg']
[0.217s] Level 1:colcon.colcon_core.package_identification:_identify(.) by extension 'colcon_pkg'
[0.217s] Level 1:colcon.colcon_core.package_identification:_identify(.) by extensions ['colcon_meta']
[0.217s] Level 1:colcon.colcon_core.package_identification:_identify(.) by extension 'colcon_meta'
[0.217s] Level 1:colcon.colcon_core.package_identification:_identify(.) by extensions ['ros']
[0.217s] Level 1:colcon.colcon_core.package_identification:_identify(.) by extension 'ros'
[0.224s] Level 1:colcon.colcon_core.package_identification:_identify(.) by extensions ['cmake', 'python']
[0.224s] Level 1:colcon.colcon_core.package_identification:_identify(.) by extension 'cmake'
[0.224s] Level 1:colcon.colcon_core.package_identification:_identify(.) by extension 'python'
[0.224s] Level 1:colcon.colcon_core.package_identification:_identify(.) by extensions ['python_setup_py']
[0.224s] Level 1:colcon.colcon_core.package_identification:_identify(.) by extension 'python_setup_py'
[0.224s] Level 1:colcon.colcon_core.package_identification:_identify(build) by extensions ['ignore', 'ignore_ament_install']
[0.224s] Level 1:colcon.colcon_core.package_identification:_identify(build) by extension 'ignore'
[0.224s] Level 1:colcon.colcon_core.package_identification:_identify(build) ignored
[0.224s] Level 1:colcon.colcon_core.package_identification:_identify(install) by extensions ['ignore', 'ignore_ament_install']
[0.224s] Level 1:colcon.colcon_core.package_identification:_identify(install) by extension 'ignore'
[0.224s] Level 1:colcon.colcon_core.package_identification:_identify(install) ignored
[0.225s] Level 1:colcon.colcon_core.package_identification:_identify(log) by extensions ['ignore', 'ignore_ament_install']
[0.225s] Level 1:colcon.colcon_core.package_identification:_identify(log) by extension 'ignore'
[0.225s] Level 1:colcon.colcon_core.package_identification:_identify(log) ignored
[0.225s] Level 1:colcon.colcon_core.package_identification:_identify(src) by extensions ['ignore', 'ignore_ament_install']
[0.225s] Level 1:colcon.colcon_core.package_identification:_identify(src) by extension 'ignore'
[0.225s] Level 1:colcon.colcon_core.package_identification:_identify(src) by extension 'ignore_ament_install'
[0.225s] Level 1:colcon.colcon_core.package_identification:_identify(src) by extensions ['colcon_pkg']
[0.225s] Level 1:colcon.colcon_core.package_identification:_identify(src) by extension 'colcon_pkg'
[0.225s] Level 1:colcon.colcon_core.package_identification:_identify(src) by extensions ['colcon_meta']
[0.225s] Level 1:colcon.colcon_core.package_identification:_identify(src) by extension 'colcon_meta'
[0.225s] Level 1:colcon.colcon_core.package_identification:_identify(src) by extensions ['ros']
[0.225s] Level 1:colcon.colcon_core.package_identification:_identify(src) by extension 'ros'
[0.225s] Level 1:colcon.colcon_core.package_identification:_identify(src) by extensions ['cmake', 'python']
[0.225s] Level 1:colcon.colcon_core.package_identification:_identify(src) by extension 'cmake'
[0.225s] Level 1:colcon.colcon_core.package_identification:_identify(src) by extension 'python'
[0.225s] Level 1:colcon.colcon_core.package_identification:_identify(src) by extensions ['python_setup_py']
[0.225s] Level 1:colcon.colcon_core.package_identification:_identify(src) by extension 'python_setup_py'
[0.225s] Level 1:colcon.colcon_core.package_identification:_identify(src/ros1_bridge) by extensions ['ignore', 'ignore_ament_install']
[0.225s] Level 1:colcon.colcon_core.package_identification:_identify(src/ros1_bridge) by extension 'ignore'
[0.225s] Level 1:colcon.colcon_core.package_identification:_identify(src/ros1_bridge) by extension 'ignore_ament_install'
[0.225s] Level 1:colcon.colcon_core.package_identification:_identify(src/ros1_bridge) by extensions ['colcon_pkg']
[0.225s] Level 1:colcon.colcon_core.package_identification:_identify(src/ros1_bridge) by extension 'colcon_pkg'
[0.225s] Level 1:colcon.colcon_core.package_identification:_identify(src/ros1_bridge) by extensions ['colcon_meta']
[0.225s] Level 1:colcon.colcon_core.package_identification:_identify(src/ros1_bridge) by extension 'colcon_meta'
[0.225s] Level 1:colcon.colcon_core.package_identification:_identify(src/ros1_bridge) by extensions ['ros']
[0.225s] Level 1:colcon.colcon_core.package_identification:_identify(src/ros1_bridge) by extension 'ros'
[0.228s] DEBUG:colcon.colcon_core.package_identification:Package 'src/ros1_bridge' with type 'ros.ament_cmake' and name 'ros1_bridge'
[0.228s] Level 1:colcon.colcon_core.package_discovery:discover_packages(recursive) using defaults
[0.228s] Level 1:colcon.colcon_core.package_discovery:discover_packages(ignore) discover
[0.228s] Level 1:colcon.colcon_core.package_discovery:discover_packages(ignore) using defaults
[0.228s] Level 1:colcon.colcon_core.package_discovery:discover_packages(path) discover
[0.228s] Level 1:colcon.colcon_core.package_discovery:discover_packages(path) using defaults
[0.248s] Level 5:colcon.colcon_core.verb:set package 'ros1_bridge' build argument 'cmake_args' from command line to '['-DCMAKE_BUILD_TYPE=Release']'
[0.248s] Level 5:colcon.colcon_core.verb:set package 'ros1_bridge' build argument 'cmake_target' from command line to 'None'
[0.248s] Level 5:colcon.colcon_core.verb:set package 'ros1_bridge' build argument 'cmake_target_skip_unavailable' from command line to 'False'
[0.248s] Level 5:colcon.colcon_core.verb:set package 'ros1_bridge' build argument 'cmake_clean_cache' from command line to 'False'
[0.248s] Level 5:colcon.colcon_core.verb:set package 'ros1_bridge' build argument 'cmake_clean_first' from command line to 'False'
[0.248s] Level 5:colcon.colcon_core.verb:set package 'ros1_bridge' build argument 'cmake_force_configure' from command line to 'False'
[0.248s] Level 5:colcon.colcon_core.verb:set package 'ros1_bridge' build argument 'ament_cmake_args' from command line to 'None'
[0.248s] Level 5:colcon.colcon_core.verb:set package 'ros1_bridge' build argument 'catkin_cmake_args' from command line to 'None'
[0.248s] Level 5:colcon.colcon_core.verb:set package 'ros1_bridge' build argument 'catkin_skip_building_tests' from command line to 'False'
[0.248s] DEBUG:colcon.colcon_core.verb:Building package 'ros1_bridge' with the following arguments: {'ament_cmake_args': None, 'build_base': '/ros-humble-ros1-bridge/build/ros1_bridge', 'catkin_cmake_args': None, 'catkin_skip_building_tests': False, 'cmake_args': ['-DCMAKE_BUILD_TYPE=Release'], 'cmake_clean_cache': False, 'cmake_clean_first': False, 'cmake_force_configure': False, 'cmake_target': None, 'cmake_target_skip_unavailable': False, 'install_base': '/ros-humble-ros1-bridge/install/ros1_bridge', 'merge_install': False, 'path': '/ros-humble-ros1-bridge/src/ros1_bridge', 'symlink_install': False, 'test_result_base': None}
[0.248s] INFO:colcon.colcon_core.executor:Executing jobs using 'parallel' executor
[0.249s] DEBUG:colcon.colcon_parallel_executor.executor.parallel:run_until_complete
[0.249s] INFO:colcon.colcon_ros.task.ament_cmake.build:Building ROS package in '/ros-humble-ros1-bridge/src/ros1_bridge' with build type 'ament_cmake'
[0.249s] INFO:colcon.colcon_cmake.task.cmake.build:Building CMake package in '/ros-humble-ros1-bridge/src/ros1_bridge'
[0.250s] INFO:colcon.colcon_core.plugin_system:Skipping extension 'colcon_core.shell.bat': Not used on non-Windows systems
[0.251s] INFO:colcon.colcon_core.shell:Skip shell extension 'powershell' for command environment: Not usable outside of PowerShell
[0.251s] DEBUG:colcon.colcon_core.shell:Skip shell extension 'dsv' for command environment
[0.259s] DEBUG:colcon.colcon_core.event_handler.log_command:Invoking command in '/ros-humble-ros1-bridge/build/ros1_bridge': CMAKE_PREFIX_PATH=/opt/ros/humble:${CMAKE_PREFIX_PATH} /usr/bin/cmake /ros-humble-ros1-bridge/src/ros1_bridge -DCMAKE_BUILD_TYPE=Release -DCMAKE_INSTALL_PREFIX=/ros-humble-ros1-bridge/install/ros1_bridge
[5.075s] DEBUG:colcon.colcon_core.event_handler.log_command:Invoked command in '/ros-humble-ros1-bridge/build/ros1_bridge' returned '0': CMAKE_PREFIX_PATH=/opt/ros/humble:${CMAKE_PREFIX_PATH} /usr/bin/cmake /ros-humble-ros1-bridge/src/ros1_bridge -DCMAKE_BUILD_TYPE=Release -DCMAKE_INSTALL_PREFIX=/ros-humble-ros1-bridge/install/ros1_bridge
[5.077s] DEBUG:colcon.colcon_core.event_handler.log_command:Invoking command in '/ros-humble-ros1-bridge/build/ros1_bridge': CMAKE_PREFIX_PATH=/opt/ros/humble:${CMAKE_PREFIX_PATH} /usr/bin/cmake --build /ros-humble-ros1-bridge/build/ros1_bridge
[200.113s] DEBUG:colcon.colcon_core.event_handler.log_command:Invoked command in '/ros-humble-ros1-bridge/build/ros1_bridge' returned '0': CMAKE_PREFIX_PATH=/opt/ros/humble:${CMAKE_PREFIX_PATH} /usr/bin/cmake --build /ros-humble-ros1-bridge/build/ros1_bridge
[200.147s] DEBUG:colcon.colcon_core.event_handler.log_command:Invoking command in '/ros-humble-ros1-bridge/build/ros1_bridge': CMAKE_PREFIX_PATH=/opt/ros/humble:${CMAKE_PREFIX_PATH} /usr/bin/cmake --install /ros-humble-ros1-bridge/build/ros1_bridge
[200.339s] Level 1:colcon.colcon_core.environment:create_environment_scripts_only(ros1_bridge)
[200.339s] DEBUG:colcon.colcon_core.event_handler.log_command:Invoked command in '/ros-humble-ros1-bridge/build/ros1_bridge' returned '0': CMAKE_PREFIX_PATH=/opt/ros/humble:${CMAKE_PREFIX_PATH} /usr/bin/cmake --install /ros-humble-ros1-bridge/build/ros1_bridge
[200.395s] Level 1:colcon.colcon_core.environment:checking '/ros-humble-ros1-bridge/install/ros1_bridge' for CMake module files
[200.397s] Level 1:colcon.colcon_core.environment:checking '/ros-humble-ros1-bridge/install/ros1_bridge' for CMake config files
[200.399s] Level 1:colcon.colcon_core.shell:create_environment_hook('ros1_bridge', 'cmake_prefix_path')
[200.399s] INFO:colcon.colcon_core.shell:Creating environment hook '/ros-humble-ros1-bridge/install/ros1_bridge/share/ros1_bridge/hook/cmake_prefix_path.ps1'
[200.414s] INFO:colcon.colcon_core.shell:Creating environment descriptor '/ros-humble-ros1-bridge/install/ros1_bridge/share/ros1_bridge/hook/cmake_prefix_path.dsv'
[200.418s] INFO:colcon.colcon_core.shell:Creating environment hook '/ros-humble-ros1-bridge/install/ros1_bridge/share/ros1_bridge/hook/cmake_prefix_path.sh'
[200.424s] Level 1:colcon.colcon_core.environment:checking '/ros-humble-ros1-bridge/install/ros1_bridge/lib'
[200.424s] Level 1:colcon.colcon_core.shell:create_environment_hook('ros1_bridge', 'ld_library_path_lib')
[200.425s] INFO:colcon.colcon_core.shell:Creating environment hook '/ros-humble-ros1-bridge/install/ros1_bridge/share/ros1_bridge/hook/ld_library_path_lib.ps1'
[200.425s] INFO:colcon.colcon_core.shell:Creating environment descriptor '/ros-humble-ros1-bridge/install/ros1_bridge/share/ros1_bridge/hook/ld_library_path_lib.dsv'
[200.426s] INFO:colcon.colcon_core.shell:Creating environment hook '/ros-humble-ros1-bridge/install/ros1_bridge/share/ros1_bridge/hook/ld_library_path_lib.sh'
[200.426s] Level 1:colcon.colcon_core.environment:checking '/ros-humble-ros1-bridge/install/ros1_bridge/bin'
[200.426s] Level 1:colcon.colcon_core.environment:checking '/ros-humble-ros1-bridge/install/ros1_bridge/lib/pkgconfig/ros1_bridge.pc'
[200.435s] Level 1:colcon.colcon_core.environment:checking '/ros-humble-ros1-bridge/install/ros1_bridge/lib/python3.10/site-packages'
[200.435s] Level 1:colcon.colcon_core.environment:checking '/ros-humble-ros1-bridge/install/ros1_bridge/bin'
[200.436s] INFO:colcon.colcon_core.shell:Creating package script '/ros-humble-ros1-bridge/install/ros1_bridge/share/ros1_bridge/package.ps1'
[200.438s] INFO:colcon.colcon_core.shell:Creating package descriptor '/ros-humble-ros1-bridge/install/ros1_bridge/share/ros1_bridge/package.dsv'
[200.439s] INFO:colcon.colcon_core.shell:Creating package script '/ros-humble-ros1-bridge/install/ros1_bridge/share/ros1_bridge/package.sh'
[200.442s] INFO:colcon.colcon_core.shell:Creating package script '/ros-humble-ros1-bridge/install/ros1_bridge/share/ros1_bridge/package.bash'
[200.444s] INFO:colcon.colcon_core.shell:Creating package script '/ros-humble-ros1-bridge/install/ros1_bridge/share/ros1_bridge/package.zsh'
[200.446s] Level 1:colcon.colcon_core.environment:create_file_with_runtime_dependencies(/ros-humble-ros1-bridge/install/ros1_bridge/share/colcon-core/packages/ros1_bridge)
[200.448s] Level 1:colcon.colcon_core.environment:create_environment_scripts_only(ros1_bridge)
[200.449s] Level 1:colcon.colcon_core.environment:checking '/ros-humble-ros1-bridge/install/ros1_bridge' for CMake module files
[200.451s] Level 1:colcon.colcon_core.environment:checking '/ros-humble-ros1-bridge/install/ros1_bridge' for CMake config files
[200.451s] Level 1:colcon.colcon_core.shell:create_environment_hook('ros1_bridge', 'cmake_prefix_path')
[200.452s] INFO:colcon.colcon_core.shell:Creating environment hook '/ros-humble-ros1-bridge/install/ros1_bridge/share/ros1_bridge/hook/cmake_prefix_path.ps1'
[200.453s] INFO:colcon.colcon_core.shell:Creating environment descriptor '/ros-humble-ros1-bridge/install/ros1_bridge/share/ros1_bridge/hook/cmake_prefix_path.dsv'
[200.453s] INFO:colcon.colcon_core.shell:Creating environment hook '/ros-humble-ros1-bridge/install/ros1_bridge/share/ros1_bridge/hook/cmake_prefix_path.sh'
[200.454s] Level 1:colcon.colcon_core.environment:checking '/ros-humble-ros1-bridge/install/ros1_bridge/lib'
[200.454s] Level 1:colcon.colcon_core.shell:create_environment_hook('ros1_bridge', 'ld_library_path_lib')
[200.455s] INFO:colcon.colcon_core.shell:Creating environment hook '/ros-humble-ros1-bridge/install/ros1_bridge/share/ros1_bridge/hook/ld_library_path_lib.ps1'
[200.455s] INFO:colcon.colcon_core.shell:Creating environment descriptor '/ros-humble-ros1-bridge/install/ros1_bridge/share/ros1_bridge/hook/ld_library_path_lib.dsv'
[200.456s] INFO:colcon.colcon_core.shell:Creating environment hook '/ros-humble-ros1-bridge/install/ros1_bridge/share/ros1_bridge/hook/ld_library_path_lib.sh'
[200.456s] Level 1:colcon.colcon_core.environment:checking '/ros-humble-ros1-bridge/install/ros1_bridge/bin'
[200.456s] Level 1:colcon.colcon_core.environment:checking '/ros-humble-ros1-bridge/install/ros1_bridge/lib/pkgconfig/ros1_bridge.pc'
[200.456s] Level 1:colcon.colcon_core.environment:checking '/ros-humble-ros1-bridge/install/ros1_bridge/lib/python3.10/site-packages'
[200.457s] Level 1:colcon.colcon_core.environment:checking '/ros-humble-ros1-bridge/install/ros1_bridge/bin'
[200.457s] INFO:colcon.colcon_core.shell:Creating package script '/ros-humble-ros1-bridge/install/ros1_bridge/share/ros1_bridge/package.ps1'
[200.458s] INFO:colcon.colcon_core.shell:Creating package descriptor '/ros-humble-ros1-bridge/install/ros1_bridge/share/ros1_bridge/package.dsv'
[200.458s] INFO:colcon.colcon_core.shell:Creating package script '/ros-humble-ros1-bridge/install/ros1_bridge/share/ros1_bridge/package.sh'
[200.459s] INFO:colcon.colcon_core.shell:Creating package script '/ros-humble-ros1-bridge/install/ros1_bridge/share/ros1_bridge/package.bash'
[200.459s] INFO:colcon.colcon_core.shell:Creating package script '/ros-humble-ros1-bridge/install/ros1_bridge/share/ros1_bridge/package.zsh'
[200.460s] Level 1:colcon.colcon_core.environment:create_file_with_runtime_dependencies(/ros-humble-ros1-bridge/install/ros1_bridge/share/colcon-core/packages/ros1_bridge)
[200.460s] DEBUG:colcon.colcon_parallel_executor.executor.parallel:closing loop
[200.462s] DEBUG:colcon.colcon_parallel_executor.executor.parallel:loop closed
[200.462s] DEBUG:colcon.colcon_parallel_executor.executor.parallel:run_until_complete finished with '0'
[200.462s] DEBUG:colcon.colcon_core.event_reactor:joining thread
[200.495s] INFO:colcon.colcon_core.plugin_system:Skipping extension 'colcon_notification.desktop_notification.notify_send': Could not find 'notify-send'
[200.496s] INFO:colcon.colcon_core.plugin_system:Skipping extension 'colcon_notification.desktop_notification.terminal_notifier': Not used on non-Darwin systems
[200.496s] INFO:colcon.colcon_core.plugin_system:Skipping extension 'colcon_notification.desktop_notification.win32': Not used on non-Windows systems
[200.496s] INFO:colcon.colcon_notification.desktop_notification:Sending desktop notification using 'notify2'
[200.496s] DEBUG:colcon.colcon_notification.desktop_notification.notify2:Failed to initialize notify2: org.freedesktop.DBus.Error.NotSupported: Unable to autolaunch a dbus-daemon without a $DISPLAY for X11
[200.496s] DEBUG:colcon.colcon_core.event_reactor:joined thread
[200.497s] INFO:colcon.colcon_core.shell:Creating prefix script '/ros-humble-ros1-bridge/install/local_setup.ps1'
[200.499s] INFO:colcon.colcon_core.shell:Creating prefix util module '/ros-humble-ros1-bridge/install/_local_setup_util_ps1.py'
[200.502s] INFO:colcon.colcon_core.shell:Creating prefix chain script '/ros-humble-ros1-bridge/install/setup.ps1'
[200.505s] INFO:colcon.colcon_core.shell:Creating prefix script '/ros-humble-ros1-bridge/install/local_setup.sh'
[200.506s] INFO:colcon.colcon_core.shell:Creating prefix util module '/ros-humble-ros1-bridge/install/_local_setup_util_sh.py'
[200.506s] INFO:colcon.colcon_core.shell:Creating prefix chain script '/ros-humble-ros1-bridge/install/setup.sh'
[200.508s] INFO:colcon.colcon_core.shell:Creating prefix script '/ros-humble-ros1-bridge/install/local_setup.bash'
[200.509s] INFO:colcon.colcon_core.shell:Creating prefix chain script '/ros-humble-ros1-bridge/install/setup.bash'
[200.510s] INFO:colcon.colcon_core.shell:Creating prefix script '/ros-humble-ros1-bridge/install/local_setup.zsh'
[200.511s] INFO:colcon.colcon_core.shell:Creating prefix chain script '/ros-humble-ros1-bridge/install/setup.zsh'
