[0.010s] Invoking command in '/ros-humble-ros1-bridge/build/ros1_bridge': CMAKE_PREFIX_PATH=/opt/ros/humble:${CMAKE_PREFIX_PATH} /usr/bin/cmake /ros-humble-ros1-bridge/src/ros1_bridge -DCMAKE_BUILD_TYPE=Release -DCMAKE_INSTALL_PREFIX=/ros-humble-ros1-bridge/install/ros1_bridge
[0.067s] -- The C compiler identification is GNU 11.4.0
[0.133s] -- The CXX compiler identification is GNU 11.4.0
[0.138s] -- Detecting C compiler ABI info
[0.243s] -- Detecting C compiler ABI info - done
[0.251s] -- Check for working C compiler: /usr/bin/cc - skipped
[0.251s] -- Detecting C compile features
[0.251s] -- Detecting C compile features - done
[0.254s] -- Detecting CXX compiler ABI info
[0.357s] -- Detecting CXX compiler ABI info - done
[0.363s] -- Check for working CXX compiler: /usr/bin/c++ - skipped
[0.363s] -- Detecting CXX compile features
[0.363s] -- Detecting CXX compile features - done
[0.364s] Using ACTION_GOAL_RESPONSE_CB_CONST
[0.368s] -- Found rmw: 6.1.2 (/opt/ros/humble/share/rmw/cmake)
[0.517s] -- Found Python3: /usr/bin/python3 (found version "3.10.12") found components: Interpreter 
[0.641s] -- Found rclcpp: 16.0.14 (/opt/ros/humble/share/rclcpp/cmake)
[0.695s] -- Found rosidl_generator_c: 3.1.7 (/opt/ros/humble/share/rosidl_generator_c/cmake)
[0.702s] -- Found rosidl_adapter: 3.1.7 (/opt/ros/humble/share/rosidl_adapter/cmake)
[0.715s] -- Found rosidl_generator_cpp: 3.1.7 (/opt/ros/humble/share/rosidl_generator_cpp/cmake)
[0.724s] -- Using all available rosidl_typesupport_c: rosidl_typesupport_fastrtps_c;rosidl_typesupport_introspection_c
[0.741s] -- Using all available rosidl_typesupport_cpp: rosidl_typesupport_fastrtps_cpp;rosidl_typesupport_introspection_cpp
[0.792s] -- Found rmw_implementation_cmake: 6.1.2 (/opt/ros/humble/share/rmw_implementation_cmake/cmake)
[0.795s] -- Found rmw_fastrtps_cpp: 6.2.8 (/opt/ros/humble/share/rmw_fastrtps_cpp/cmake)
[0.944s] -- Found OpenSSL: /usr/lib/x86_64-linux-gnu/libcrypto.so (found version "3.0.2")  
[0.974s] -- Found FastRTPS: /opt/ros/humble/include  
[1.007s] -- Using RMW implementation 'rmw_fastrtps_cpp' as default
[1.016s] -- Looking for pthread.h
[1.113s] -- Looking for pthread.h - found
[1.113s] -- Performing Test CMAKE_HAVE_LIBC_PTHREAD
[1.221s] -- Performing Test CMAKE_HAVE_LIBC_PTHREAD - Success
[1.222s] -- Found Threads: TRUE  
[1.309s] -- Found rclcpp_action: 16.0.14 (/opt/ros/humble/share/rclcpp_action/cmake)
[1.352s] -- Found PkgConfig: /usr/bin/pkg-config (found version "0.29.2") 
[1.358s] -- Checking for module 'roscpp'
[1.377s] --   Found roscpp, version 1.15.14
[1.450s] -- Checking for module 'std_msgs'
[1.472s] --   Found std_msgs, version 0.5.13
[1.541s] -- Checking for module 'actionlib'
[1.563s] --   Found actionlib, version 1.13.2
[1.937s] -- Checking for module 'actionlib_msgs'
[1.948s] --   Found actionlib_msgs, version 1.13.1
[2.005s] -- Checking for module 'bond'
[2.017s] --   Found bond, version 1.8.6
[2.070s] -- Checking for module 'diagnostic_msgs'
[2.093s] --   Found diagnostic_msgs, version 1.13.1
[2.176s] -- Checking for module 'dynamic_reconfigure'
[2.203s] --   Found dynamic_reconfigure, version 1.7.2
[2.258s] -- Checking for module 'geometry_msgs'
[2.275s] --   Found geometry_msgs, version 1.13.1
[2.348s] -- Checking for module 'map_msgs'
[2.376s] --   Found map_msgs, version 1.14.1
[2.441s] -- Checking for module 'move_base_msgs'
[2.454s] --   Found move_base_msgs, version 1.14.1
[2.539s] -- Checking for module 'nav_msgs'
[2.566s] --   Found nav_msgs, version 1.13.1
[2.664s] -- Checking for module 'rosgraph_msgs'
[2.689s] --   Found rosgraph_msgs, version 1.11.3
[2.736s] -- Checking for module 'rospy_tutorials'
[2.750s] --   Found rospy_tutorials, version 0.10.3
[2.831s] -- Checking for module 'sensor_msgs'
[2.857s] --   Found sensor_msgs, version 1.13.1
[2.945s] -- Checking for module 'shape_msgs'
[2.971s] --   Found shape_msgs, version 1.13.1
[3.020s] -- Checking for module 'stereo_msgs'
[3.031s] --   Found stereo_msgs, version 1.13.1
[3.091s] -- Checking for module 'tf'
[3.116s] --   Found tf, version 1.13.2
[3.210s] -- Checking for module 'tf2_msgs'
[3.235s] --   Found tf2_msgs, version 0.7.5
[3.304s] -- Checking for module 'trajectory_msgs'
[3.328s] --   Found trajectory_msgs, version 1.13.1
[3.404s] -- Checking for module 'turtlesim'
[3.428s] --   Found turtlesim, version 0.10.3
[3.506s] -- Checking for module 'visualization_msgs'
[3.531s] --   Found visualization_msgs, version 1.13.1
[3.581s] -- Checking for module 'roscpp_tutorials'
[3.592s] --   Found roscpp_tutorials, version 0.10.3
[3.629s] -- Checking for module 'rviz'
[3.643s] --   Found rviz, version 1.14.14
[3.716s] -- Checking for module 'std_srvs'
[3.733s] --   Found std_srvs, version 1.11.3
[3.801s] -- Checking for module 'topic_tools'
[3.825s] --   Found topic_tools, version 1.15.14
[3.920s] -- Found ament_lint_auto: 0.12.14 (/opt/ros/humble/share/ament_lint_auto/cmake)
[3.925s] -- Found diagnostic_msgs: 4.9.0 (/opt/ros/humble/share/diagnostic_msgs/cmake)
[3.953s] -- Checking for module 'roslaunch'
[3.975s] --   Found roslaunch, version 1.15.14
[4.117s] -- Found python_cmake_module: 0.10.0 (/opt/ros/humble/share/python_cmake_module/cmake)
[4.132s] -- Found PythonInterp: /usr/bin/python3 (found suitable version "3.10.12", minimum required is "3.6") 
[4.137s] -- Found PythonLibs: /usr/lib/x86_64-linux-gnu/libpython3.10.so (found suitable version "3.10.12", minimum required is "3.5") 
[4.137s] -- Using PYTHON_EXECUTABLE: /usr/bin/python3
[4.137s] -- Using PYTHON_INCLUDE_DIRS: /usr/include/python3.10
[4.137s] -- Using PYTHON_LIBRARIES: /usr/lib/x86_64-linux-gnu/libpython3.10.so
[4.154s] -- Found PythonExtra: .so  
[4.211s] -- Found gtest sources under '/opt/ros/humble/src/gtest_vendor': C++ tests using 'Google Test' will be built
[4.245s] -- Added test 'copyright' to check source files copyright and LICENSE
[4.249s] -- Added test 'cppcheck' to perform static code analysis on C / C++ code
[4.249s] -- Configured cppcheck include dirs: 
[4.249s] -- Configured cppcheck exclude dirs and/or files: 
[4.252s] -- Added test 'cpplint' to check C / C++ code against the Google style
[4.252s] -- Configured cpplint exclude dirs and/or files: 
[4.253s] -- Added test 'flake8' to check Python code syntax and style conventions
[4.254s] -- Added test 'lint_cmake' to check CMake code style
[4.255s] -- Added test 'pep257' to check Python code against some of the docstring style conventions in PEP 257
[4.258s] -- Added test 'uncrustify' to check C / C++ code style
[4.258s] -- Configured uncrustify additional arguments: 
[4.259s] -- Added test 'xmllint' to check XML markup files
[4.263s] -- Found action_msgs: 1.2.2 (/opt/ros/humble/share/action_msgs/cmake)
[4.273s] -- Found action_tutorials_interfaces: 0.20.5 (/opt/ros/humble/share/action_tutorials_interfaces/cmake)
[4.288s] -- Found actionlib_msgs: 4.9.0 (/opt/ros/humble/share/actionlib_msgs/cmake)
[4.288s] -- Found builtin_interfaces: 1.2.2 (/opt/ros/humble/share/builtin_interfaces/cmake)
[4.303s] -- Found composition_interfaces: 1.2.2 (/opt/ros/humble/share/composition_interfaces/cmake)
[4.303s] -- Found diagnostic_msgs: 4.9.0 (/opt/ros/humble/share/diagnostic_msgs/cmake)
[4.313s] -- Found example_interfaces: 0.9.3 (/opt/ros/humble/share/example_interfaces/cmake)
[4.313s] -- Found geometry_msgs: 4.9.0 (/opt/ros/humble/share/geometry_msgs/cmake)
[4.325s] -- Found lifecycle_msgs: 1.2.2 (/opt/ros/humble/share/lifecycle_msgs/cmake)
[4.332s] -- Found logging_demo: 0.20.5 (/opt/ros/humble/share/logging_demo/cmake)
[4.374s] -- Found map_msgs: 2.1.0 (/opt/ros/humble/share/map_msgs/cmake)
[4.375s] -- Found nav_msgs: 4.9.0 (/opt/ros/humble/share/nav_msgs/cmake)
[4.386s] -- Found pcl_msgs: 1.0.0 (/opt/ros/humble/share/pcl_msgs/cmake)
[4.395s] -- Found pendulum_msgs: 0.20.5 (/opt/ros/humble/share/pendulum_msgs/cmake)
[4.395s] -- Found rcl_interfaces: 1.2.2 (/opt/ros/humble/share/rcl_interfaces/cmake)
[4.395s] -- Found rmw_dds_common: 1.6.0 (/opt/ros/humble/share/rmw_dds_common/cmake)
[4.409s] -- Found rosbag2_interfaces: 0.15.15 (/opt/ros/humble/share/rosbag2_interfaces/cmake)
[4.409s] -- Found rosgraph_msgs: 1.2.2 (/opt/ros/humble/share/rosgraph_msgs/cmake)
[4.410s] -- Found sensor_msgs: 4.9.0 (/opt/ros/humble/share/sensor_msgs/cmake)
[4.426s] -- Found shape_msgs: 4.9.0 (/opt/ros/humble/share/shape_msgs/cmake)
[4.426s] -- Found statistics_msgs: 1.2.2 (/opt/ros/humble/share/statistics_msgs/cmake)
[4.426s] -- Found std_msgs: 4.9.0 (/opt/ros/humble/share/std_msgs/cmake)
[4.438s] -- Found std_srvs: 4.9.0 (/opt/ros/humble/share/std_srvs/cmake)
[4.460s] -- Found stereo_msgs: 4.9.0 (/opt/ros/humble/share/stereo_msgs/cmake)
[4.481s] -- Found tf2_msgs: 0.25.16 (/opt/ros/humble/share/tf2_msgs/cmake)
[4.498s] -- Found trajectory_msgs: 4.9.0 (/opt/ros/humble/share/trajectory_msgs/cmake)
[4.509s] -- Found turtlesim: 1.4.2 (/opt/ros/humble/share/turtlesim/cmake)
[4.509s] -- Found unique_identifier_msgs: 2.2.1 (/opt/ros/humble/share/unique_identifier_msgs/cmake)
[4.528s] -- Found visualization_msgs: 4.9.0 (/opt/ros/humble/share/visualization_msgs/cmake)
[4.650s] -- Configuring done
[4.786s] -- Generating done
[4.816s] -- Build files have been written to: /ros-humble-ros1-bridge/build/ros1_bridge
[4.825s] Invoked command in '/ros-humble-ros1-bridge/build/ros1_bridge' returned '0': CMAKE_PREFIX_PATH=/opt/ros/humble:${CMAKE_PREFIX_PATH} /usr/bin/cmake /ros-humble-ros1-bridge/src/ros1_bridge -DCMAKE_BUILD_TYPE=Release -DCMAKE_INSTALL_PREFIX=/ros-humble-ros1-bridge/install/ros1_bridge
[4.827s] Invoking command in '/ros-humble-ros1-bridge/build/ros1_bridge': CMAKE_PREFIX_PATH=/opt/ros/humble:${CMAKE_PREFIX_PATH} /usr/bin/cmake --build /ros-humble-ros1-bridge/build/ros1_bridge
[4.892s] [  0%] Generating factories for interface types
[4.898s] [  0%] Building CXX object CMakeFiles/test_ros2_client_cpp.dir/test/test_ros2_client.cpp.o
[4.899s] [  0%] Building CXX object CMakeFiles/simple_bridge.dir/src/simple_bridge.cpp.o
[4.899s] [  1%] Building CXX object gtest/CMakeFiles/gtest_main.dir/src/gtest_main.cc.o
[4.899s] [  1%] Building CXX object gtest/CMakeFiles/gtest.dir/src/gtest-all.cc.o
[4.900s] [  1%] Building CXX object CMakeFiles/test_ros1_server.dir/test/test_ros1_server.cpp.o
[4.902s] [  2%] Building CXX object CMakeFiles/test_ros1_client.dir/test/test_ros1_client.cpp.o
[4.903s] [  2%] Building CXX object CMakeFiles/simple_bridge_1_to_2.dir/src/simple_bridge_1_to_2.cpp.o
[4.906s] [  3%] Building CXX object CMakeFiles/simple_bridge_2_to_1.dir/src/simple_bridge_2_to_1.cpp.o
[4.907s] [  4%] Building CXX object CMakeFiles/test_ros2_server_cpp.dir/test/test_ros2_server.cpp.o
[4.908s] [  4%] Built target ament_cmake_python_copy_ros1_bridge
[5.134s] running egg_info
[5.135s] creating ros1_bridge.egg-info
[5.135s] writing ros1_bridge.egg-info/PKG-INFO
[5.136s] writing dependency_links to ros1_bridge.egg-info/dependency_links.txt
[5.136s] writing top-level names to ros1_bridge.egg-info/top_level.txt
[5.136s] writing manifest file 'ros1_bridge.egg-info/SOURCES.txt'
[5.138s] reading manifest file 'ros1_bridge.egg-info/SOURCES.txt'
[5.139s] writing manifest file 'ros1_bridge.egg-info/SOURCES.txt'
[5.160s] [  4%] Built target ament_cmake_python_build_ros1_bridge_egg
[5.360s] [  4%] Linking CXX static library libgtest_main.a
[5.389s] [  4%] Built target gtest_main
[6.289s] [  4%] Linking CXX executable test_ros1_client
[6.328s] [  5%] Linking CXX executable test_ros1_server
[6.374s] [  5%] Built target test_ros1_client
[6.422s] [  5%] Built target test_ros1_server
[7.544s] [  5%] Linking CXX executable test_ros2_server_cpp
[7.641s] [  5%] Linking CXX executable test_ros2_client_cpp
[7.689s] [  5%] Built target test_ros2_server_cpp
[7.739s] [  5%] Built target test_ros2_client_cpp
[9.693s] [  5%] Linking CXX executable simple_bridge_1_to_2
[9.815s] [  5%] Built target simple_bridge_1_to_2
[9.827s] [  5%] Linking CXX static library libgtest.a
[9.860s] [  5%] Built target gtest
[12.431s] [  5%] Linking CXX executable simple_bridge_2_to_1
[12.567s] [  5%] Built target simple_bridge_2_to_1
[13.089s] [  6%] Linking CXX executable simple_bridge
[13.092s] [  6%] Building CXX object CMakeFiles/ros1_bridge.dir/src/builtin_interfaces_factories.cpp.o
[13.094s] [  6%] Building CXX object CMakeFiles/ros1_bridge.dir/src/bridge.cpp.o
[13.095s] [  8%] Building CXX object CMakeFiles/ros1_bridge.dir/generated/action_msgs__msg__GoalStatus__factories.cpp.o
[13.095s] [  8%] Building CXX object CMakeFiles/ros1_bridge.dir/generated/get_mappings.cpp.o
[13.095s] [  8%] Building CXX object CMakeFiles/ros1_bridge.dir/generated/action_tutorials_interfaces_factories.cpp.o
[13.095s] [  9%] Building CXX object CMakeFiles/ros1_bridge.dir/src/convert_builtin_interfaces.cpp.o
[13.095s] [ 10%] Building CXX object CMakeFiles/ros1_bridge.dir/generated/action_tutorials_interfaces__action__Fibonacci__factories.cpp.o
[13.095s] [ 10%] Building CXX object CMakeFiles/ros1_bridge.dir/generated/get_factory.cpp.o
[13.096s] [ 10%] Building CXX object CMakeFiles/ros1_bridge.dir/generated/actionlib_msgs__msg__GoalID__factories.cpp.o
[13.096s] [ 10%] Building CXX object CMakeFiles/ros1_bridge.dir/generated/action_msgs_factories.cpp.o
[13.096s] [ 10%] Building CXX object CMakeFiles/ros1_bridge.dir/generated/action_msgs__msg__GoalInfo__factories.cpp.o
[13.097s] [ 10%] Building CXX object CMakeFiles/ros1_bridge.dir/generated/actionlib_msgs__msg__GoalStatusArray__factories.cpp.o
[13.097s] [ 10%] Building CXX object CMakeFiles/ros1_bridge.dir/generated/action_msgs__srv__CancelGoal__factories.cpp.o
[13.097s] [ 11%] Building CXX object CMakeFiles/ros1_bridge.dir/generated/composition_interfaces__srv__LoadNode__factories.cpp.o
[13.097s] [ 11%] Building CXX object CMakeFiles/ros1_bridge.dir/generated/action_msgs__msg__GoalStatusArray__factories.cpp.o
[13.097s] [ 11%] Building CXX object CMakeFiles/ros1_bridge.dir/generated/composition_interfaces_factories.cpp.o
[13.098s] [ 12%] Building CXX object CMakeFiles/ros1_bridge.dir/generated/diagnostic_msgs__msg__KeyValue__factories.cpp.o
[13.098s] [ 12%] Building CXX object CMakeFiles/ros1_bridge.dir/generated/composition_interfaces__srv__UnloadNode__factories.cpp.o
[13.098s] [ 12%] Building CXX object CMakeFiles/ros1_bridge.dir/generated/diagnostic_msgs__msg__DiagnosticStatus__factories.cpp.o
[13.098s] [ 12%] Building CXX object CMakeFiles/ros1_bridge.dir/generated/diagnostic_msgs__srv__AddDiagnostics__factories.cpp.o
[13.098s] [ 13%] Building CXX object CMakeFiles/ros1_bridge.dir/generated/actionlib_msgs__msg__GoalStatus__factories.cpp.o
[13.098s] [ 13%] Building CXX object CMakeFiles/ros1_bridge.dir/generated/actionlib_msgs_factories.cpp.o
[13.100s] [ 13%] Building CXX object CMakeFiles/ros1_bridge.dir/generated/composition_interfaces__srv__ListNodes__factories.cpp.o
[13.100s] [ 13%] Building CXX object CMakeFiles/ros1_bridge.dir/generated/diagnostic_msgs__srv__SelfTest__factories.cpp.o
[13.100s] [ 14%] Building CXX object CMakeFiles/ros1_bridge.dir/generated/diagnostic_msgs_factories.cpp.o
[13.101s] [ 14%] Building CXX object CMakeFiles/ros1_bridge.dir/generated/diagnostic_msgs__msg__DiagnosticArray__factories.cpp.o
[13.111s] [ 15%] Building CXX object CMakeFiles/ros1_bridge.dir/generated/example_interfaces_factories.cpp.o
[13.412s] [ 15%] Built target simple_bridge
[13.428s] [ 15%] Building CXX object CMakeFiles/ros1_bridge.dir/generated/example_interfaces__action__Fibonacci__factories.cpp.o
[14.771s] [ 15%] Building CXX object CMakeFiles/ros1_bridge.dir/generated/example_interfaces__msg__Bool__factories.cpp.o
[18.452s] [ 16%] Building CXX object CMakeFiles/ros1_bridge.dir/generated/example_interfaces__msg__Byte__factories.cpp.o
[18.619s] [ 16%] Building CXX object CMakeFiles/ros1_bridge.dir/generated/example_interfaces__msg__ByteMultiArray__factories.cpp.o
[22.211s] [ 16%] Building CXX object CMakeFiles/ros1_bridge.dir/generated/example_interfaces__msg__Char__factories.cpp.o
[22.213s] [ 17%] Building CXX object CMakeFiles/ros1_bridge.dir/generated/example_interfaces__msg__Float32__factories.cpp.o
[22.213s] [ 17%] Building CXX object CMakeFiles/ros1_bridge.dir/generated/example_interfaces__msg__Empty__factories.cpp.o
[22.405s] [ 17%] Building CXX object CMakeFiles/ros1_bridge.dir/generated/example_interfaces__msg__Float32MultiArray__factories.cpp.o
[22.542s] [ 17%] Building CXX object CMakeFiles/ros1_bridge.dir/generated/example_interfaces__msg__Float64__factories.cpp.o
[22.680s] [ 18%] Building CXX object CMakeFiles/ros1_bridge.dir/generated/example_interfaces__msg__Float64MultiArray__factories.cpp.o
[22.820s] [ 18%] Building CXX object CMakeFiles/ros1_bridge.dir/generated/example_interfaces__msg__Int16__factories.cpp.o
[22.875s] [ 18%] Building CXX object CMakeFiles/ros1_bridge.dir/generated/example_interfaces__msg__Int16MultiArray__factories.cpp.o
[23.221s] [ 19%] Building CXX object CMakeFiles/ros1_bridge.dir/generated/example_interfaces__msg__Int32__factories.cpp.o
[23.747s] [ 19%] Building CXX object CMakeFiles/ros1_bridge.dir/generated/example_interfaces__msg__Int32MultiArray__factories.cpp.o
[23.918s] [ 19%] Building CXX object CMakeFiles/ros1_bridge.dir/generated/example_interfaces__msg__Int64__factories.cpp.o
[23.948s] [ 20%] Building CXX object CMakeFiles/ros1_bridge.dir/generated/example_interfaces__msg__Int64MultiArray__factories.cpp.o
[23.972s] [ 20%] Building CXX object CMakeFiles/ros1_bridge.dir/generated/example_interfaces__msg__Int8__factories.cpp.o
[24.048s] [ 20%] Building CXX object CMakeFiles/ros1_bridge.dir/generated/example_interfaces__msg__Int8MultiArray__factories.cpp.o
[24.072s] [ 21%] Building CXX object CMakeFiles/ros1_bridge.dir/generated/example_interfaces__msg__MultiArrayDimension__factories.cpp.o
[24.962s] [ 21%] Building CXX object CMakeFiles/ros1_bridge.dir/generated/example_interfaces__msg__MultiArrayLayout__factories.cpp.o
[25.093s] [ 21%] Building CXX object CMakeFiles/ros1_bridge.dir/generated/example_interfaces__msg__String__factories.cpp.o
[26.061s] [ 22%] Building CXX object CMakeFiles/ros1_bridge.dir/generated/example_interfaces__msg__UInt16__factories.cpp.o
[26.687s] [ 22%] Building CXX object CMakeFiles/ros1_bridge.dir/generated/example_interfaces__msg__UInt16MultiArray__factories.cpp.o
[26.824s] [ 22%] Building CXX object CMakeFiles/ros1_bridge.dir/generated/example_interfaces__msg__UInt32__factories.cpp.o
[27.601s] [ 23%] Building CXX object CMakeFiles/ros1_bridge.dir/generated/example_interfaces__msg__UInt32MultiArray__factories.cpp.o
[30.638s] [ 23%] Building CXX object CMakeFiles/ros1_bridge.dir/generated/example_interfaces__msg__UInt64__factories.cpp.o
[30.652s] [ 23%] Building CXX object CMakeFiles/ros1_bridge.dir/generated/example_interfaces__msg__UInt64MultiArray__factories.cpp.o
[30.674s] [ 23%] Building CXX object CMakeFiles/ros1_bridge.dir/generated/example_interfaces__msg__UInt8__factories.cpp.o
[30.855s] [ 24%] Building CXX object CMakeFiles/ros1_bridge.dir/generated/example_interfaces__msg__UInt8MultiArray__factories.cpp.o
[31.016s] [ 24%] Building CXX object CMakeFiles/ros1_bridge.dir/generated/example_interfaces__msg__WString__factories.cpp.o
[31.076s] [ 24%] Building CXX object CMakeFiles/ros1_bridge.dir/generated/example_interfaces__srv__AddTwoInts__factories.cpp.o
[31.136s] [ 25%] Building CXX object CMakeFiles/ros1_bridge.dir/generated/example_interfaces__srv__SetBool__factories.cpp.o
[31.180s] [ 25%] Building CXX object CMakeFiles/ros1_bridge.dir/generated/example_interfaces__srv__Trigger__factories.cpp.o
[31.387s] [ 25%] Building CXX object CMakeFiles/ros1_bridge.dir/generated/geometry_msgs_factories.cpp.o
[31.508s] [ 26%] Building CXX object CMakeFiles/ros1_bridge.dir/generated/geometry_msgs__msg__Accel__factories.cpp.o
[31.525s] [ 26%] Building CXX object CMakeFiles/ros1_bridge.dir/generated/geometry_msgs__msg__AccelStamped__factories.cpp.o
[31.798s] [ 26%] Building CXX object CMakeFiles/ros1_bridge.dir/generated/geometry_msgs__msg__AccelWithCovariance__factories.cpp.o
[31.812s] [ 27%] Building CXX object CMakeFiles/ros1_bridge.dir/generated/geometry_msgs__msg__AccelWithCovarianceStamped__factories.cpp.o
[31.887s] [ 27%] Building CXX object CMakeFiles/ros1_bridge.dir/generated/geometry_msgs__msg__Inertia__factories.cpp.o
[31.901s] [ 27%] Building CXX object CMakeFiles/ros1_bridge.dir/generated/geometry_msgs__msg__InertiaStamped__factories.cpp.o
[32.069s] [ 28%] Building CXX object CMakeFiles/ros1_bridge.dir/generated/geometry_msgs__msg__Point__factories.cpp.o
[32.357s] [ 28%] Building CXX object CMakeFiles/ros1_bridge.dir/generated/geometry_msgs__msg__Point32__factories.cpp.o
[32.934s] [ 28%] Building CXX object CMakeFiles/ros1_bridge.dir/generated/geometry_msgs__msg__PointStamped__factories.cpp.o
[33.099s] [ 29%] Building CXX object CMakeFiles/ros1_bridge.dir/generated/geometry_msgs__msg__Polygon__factories.cpp.o
[33.269s] [ 29%] Building CXX object CMakeFiles/ros1_bridge.dir/generated/geometry_msgs__msg__PolygonInstance__factories.cpp.o
[33.435s] [ 29%] Building CXX object CMakeFiles/ros1_bridge.dir/generated/geometry_msgs__msg__PolygonInstanceStamped__factories.cpp.o
[34.223s] [ 29%] Building CXX object CMakeFiles/ros1_bridge.dir/generated/geometry_msgs__msg__PolygonStamped__factories.cpp.o
[34.664s] [ 30%] Building CXX object CMakeFiles/ros1_bridge.dir/generated/geometry_msgs__msg__Pose__factories.cpp.o
[34.676s] [ 30%] Building CXX object CMakeFiles/ros1_bridge.dir/generated/geometry_msgs__msg__Pose2D__factories.cpp.o
[34.904s] [ 30%] Building CXX object CMakeFiles/ros1_bridge.dir/generated/geometry_msgs__msg__PoseArray__factories.cpp.o
[35.253s] [ 31%] Building CXX object CMakeFiles/ros1_bridge.dir/generated/geometry_msgs__msg__PoseStamped__factories.cpp.o
[36.161s] [ 31%] Building CXX object CMakeFiles/ros1_bridge.dir/generated/geometry_msgs__msg__PoseWithCovariance__factories.cpp.o
[38.143s] [ 31%] Building CXX object CMakeFiles/ros1_bridge.dir/generated/geometry_msgs__msg__PoseWithCovarianceStamped__factories.cpp.o
[38.818s] [ 32%] Building CXX object CMakeFiles/ros1_bridge.dir/generated/geometry_msgs__msg__Quaternion__factories.cpp.o
[38.915s] [ 32%] Building CXX object CMakeFiles/ros1_bridge.dir/generated/geometry_msgs__msg__QuaternionStamped__factories.cpp.o
[39.310s] [ 32%] Building CXX object CMakeFiles/ros1_bridge.dir/generated/geometry_msgs__msg__Transform__factories.cpp.o
[39.583s] [ 33%] Building CXX object CMakeFiles/ros1_bridge.dir/generated/geometry_msgs__msg__TransformStamped__factories.cpp.o
[39.677s] [ 33%] Building CXX object CMakeFiles/ros1_bridge.dir/generated/geometry_msgs__msg__Twist__factories.cpp.o
[39.928s] [ 33%] Building CXX object CMakeFiles/ros1_bridge.dir/generated/geometry_msgs__msg__TwistStamped__factories.cpp.o
[40.839s] [ 34%] Building CXX object CMakeFiles/ros1_bridge.dir/generated/geometry_msgs__msg__TwistWithCovariance__factories.cpp.o
[41.597s] [ 34%] Building CXX object CMakeFiles/ros1_bridge.dir/generated/geometry_msgs__msg__TwistWithCovarianceStamped__factories.cpp.o
[42.923s] [ 34%] Building CXX object CMakeFiles/ros1_bridge.dir/generated/geometry_msgs__msg__Vector3__factories.cpp.o
[43.279s] [ 35%] Building CXX object CMakeFiles/ros1_bridge.dir/generated/geometry_msgs__msg__Vector3Stamped__factories.cpp.o
[43.552s] [ 35%] Building CXX object CMakeFiles/ros1_bridge.dir/generated/geometry_msgs__msg__VelocityStamped__factories.cpp.o
[52.813s] [ 35%] Building CXX object CMakeFiles/ros1_bridge.dir/generated/geometry_msgs__msg__Wrench__factories.cpp.o
[52.833s] [ 36%] Building CXX object CMakeFiles/ros1_bridge.dir/generated/geometry_msgs__msg__WrenchStamped__factories.cpp.o
[52.928s] [ 36%] Building CXX object CMakeFiles/ros1_bridge.dir/generated/lifecycle_msgs_factories.cpp.o
[52.938s] [ 36%] Building CXX object CMakeFiles/ros1_bridge.dir/generated/lifecycle_msgs__msg__State__factories.cpp.o
[53.224s] [ 36%] Building CXX object CMakeFiles/ros1_bridge.dir/generated/lifecycle_msgs__msg__Transition__factories.cpp.o
[53.275s] [ 37%] Building CXX object CMakeFiles/ros1_bridge.dir/generated/lifecycle_msgs__msg__TransitionDescription__factories.cpp.o
[53.966s] [ 37%] Building CXX object CMakeFiles/ros1_bridge.dir/generated/lifecycle_msgs__msg__TransitionEvent__factories.cpp.o
[54.267s] [ 37%] Building CXX object CMakeFiles/ros1_bridge.dir/generated/lifecycle_msgs__srv__ChangeState__factories.cpp.o
[54.417s] [ 38%] Building CXX object CMakeFiles/ros1_bridge.dir/generated/lifecycle_msgs__srv__GetAvailableStates__factories.cpp.o
[54.455s] [ 38%] Building CXX object CMakeFiles/ros1_bridge.dir/generated/lifecycle_msgs__srv__GetAvailableTransitions__factories.cpp.o
[54.720s] [ 38%] Building CXX object CMakeFiles/ros1_bridge.dir/generated/lifecycle_msgs__srv__GetState__factories.cpp.o
[55.144s] [ 39%] Building CXX object CMakeFiles/ros1_bridge.dir/generated/logging_demo_factories.cpp.o
[55.184s] [ 39%] Building CXX object CMakeFiles/ros1_bridge.dir/generated/logging_demo__srv__ConfigLogger__factories.cpp.o
[55.328s] [ 39%] Building CXX object CMakeFiles/ros1_bridge.dir/generated/map_msgs_factories.cpp.o
[55.794s] [ 40%] Building CXX object CMakeFiles/ros1_bridge.dir/generated/map_msgs__msg__OccupancyGridUpdate__factories.cpp.o
[56.221s] [ 40%] Building CXX object CMakeFiles/ros1_bridge.dir/generated/map_msgs__msg__PointCloud2Update__factories.cpp.o
[56.583s] [ 40%] Building CXX object CMakeFiles/ros1_bridge.dir/generated/map_msgs__msg__ProjectedMapInfo__factories.cpp.o
[58.320s] [ 41%] Building CXX object CMakeFiles/ros1_bridge.dir/generated/map_msgs__msg__ProjectedMap__factories.cpp.o
[58.427s] [ 41%] Building CXX object CMakeFiles/ros1_bridge.dir/generated/map_msgs__srv__GetMapROI__factories.cpp.o
[59.520s] [ 41%] Building CXX object CMakeFiles/ros1_bridge.dir/generated/map_msgs__srv__GetPointMapROI__factories.cpp.o
[59.665s] [ 42%] Building CXX object CMakeFiles/ros1_bridge.dir/generated/map_msgs__srv__GetPointMap__factories.cpp.o
[60.225s] [ 42%] Building CXX object CMakeFiles/ros1_bridge.dir/generated/map_msgs__srv__ProjectedMapsInfo__factories.cpp.o
[60.524s] [ 42%] Building CXX object CMakeFiles/ros1_bridge.dir/generated/map_msgs__srv__SaveMap__factories.cpp.o
[60.894s] [ 43%] Building CXX object CMakeFiles/ros1_bridge.dir/generated/map_msgs__srv__SetMapProjections__factories.cpp.o
[60.906s] [ 43%] Building CXX object CMakeFiles/ros1_bridge.dir/generated/nav_msgs_factories.cpp.o
[61.605s] [ 43%] Building CXX object CMakeFiles/ros1_bridge.dir/generated/nav_msgs__msg__Goals__factories.cpp.o
[61.711s] [ 43%] Building CXX object CMakeFiles/ros1_bridge.dir/generated/nav_msgs__msg__GridCells__factories.cpp.o
[61.733s] [ 44%] Building CXX object CMakeFiles/ros1_bridge.dir/generated/nav_msgs__msg__MapMetaData__factories.cpp.o
[61.806s] [ 44%] Building CXX object CMakeFiles/ros1_bridge.dir/generated/nav_msgs__msg__OccupancyGrid__factories.cpp.o
[62.154s] [ 44%] Building CXX object CMakeFiles/ros1_bridge.dir/generated/nav_msgs__msg__Odometry__factories.cpp.o
[62.193s] [ 45%] Building CXX object CMakeFiles/ros1_bridge.dir/generated/nav_msgs__msg__Path__factories.cpp.o
[62.289s] [ 45%] Building CXX object CMakeFiles/ros1_bridge.dir/generated/nav_msgs__srv__GetMap__factories.cpp.o
[62.337s] [ 45%] Building CXX object CMakeFiles/ros1_bridge.dir/generated/nav_msgs__srv__GetPlan__factories.cpp.o
[62.774s] [ 46%] Building CXX object CMakeFiles/ros1_bridge.dir/generated/nav_msgs__srv__LoadMap__factories.cpp.o
[62.830s] [ 46%] Building CXX object CMakeFiles/ros1_bridge.dir/generated/nav_msgs__srv__SetMap__factories.cpp.o
[62.835s] [ 46%] Building CXX object CMakeFiles/ros1_bridge.dir/generated/pcl_msgs_factories.cpp.o
[63.025s] [ 47%] Building CXX object CMakeFiles/ros1_bridge.dir/generated/pcl_msgs__msg__ModelCoefficients__factories.cpp.o
[63.541s] [ 47%] Building CXX object CMakeFiles/ros1_bridge.dir/generated/pcl_msgs__msg__PointIndices__factories.cpp.o
[63.905s] [ 47%] Building CXX object CMakeFiles/ros1_bridge.dir/generated/pcl_msgs__msg__PolygonMesh__factories.cpp.o
[64.327s] [ 48%] Building CXX object CMakeFiles/ros1_bridge.dir/generated/pcl_msgs__msg__Vertices__factories.cpp.o
[67.977s] [ 48%] Building CXX object CMakeFiles/ros1_bridge.dir/generated/pcl_msgs__srv__UpdateFilename__factories.cpp.o
[68.946s] [ 48%] Building CXX object CMakeFiles/ros1_bridge.dir/generated/pendulum_msgs_factories.cpp.o
[69.160s] [ 49%] Building CXX object CMakeFiles/ros1_bridge.dir/generated/pendulum_msgs__msg__JointState__factories.cpp.o
[69.833s] [ 49%] Building CXX object CMakeFiles/ros1_bridge.dir/generated/pendulum_msgs__msg__JointCommand__factories.cpp.o
[70.001s] [ 49%] Building CXX object CMakeFiles/ros1_bridge.dir/generated/pendulum_msgs__msg__RttestResults__factories.cpp.o
[70.192s] [ 49%] Building CXX object CMakeFiles/ros1_bridge.dir/generated/rcl_interfaces_factories.cpp.o
[70.495s] [ 50%] Building CXX object CMakeFiles/ros1_bridge.dir/generated/rcl_interfaces__msg__FloatingPointRange__factories.cpp.o
[70.707s] [ 50%] Building CXX object CMakeFiles/ros1_bridge.dir/generated/rcl_interfaces__msg__IntegerRange__factories.cpp.o
[71.036s] [ 51%] Building CXX object CMakeFiles/ros1_bridge.dir/generated/rcl_interfaces__msg__Log__factories.cpp.o
[71.052s] [ 51%] Building CXX object CMakeFiles/ros1_bridge.dir/generated/rcl_interfaces__msg__ListParametersResult__factories.cpp.o
[71.433s] [ 51%] Building CXX object CMakeFiles/ros1_bridge.dir/generated/rcl_interfaces__msg__ParameterDescriptor__factories.cpp.o
[71.736s] [ 51%] Building CXX object CMakeFiles/ros1_bridge.dir/generated/rcl_interfaces__msg__ParameterEventDescriptors__factories.cpp.o
[71.811s] [ 52%] Building CXX object CMakeFiles/ros1_bridge.dir/generated/rcl_interfaces__msg__ParameterEvent__factories.cpp.o
[72.770s] [ 52%] Building CXX object CMakeFiles/ros1_bridge.dir/generated/rcl_interfaces__msg__Parameter__factories.cpp.o
[72.797s] [ 52%] Building CXX object CMakeFiles/ros1_bridge.dir/generated/rcl_interfaces__msg__ParameterType__factories.cpp.o
[72.805s] [ 53%] Building CXX object CMakeFiles/ros1_bridge.dir/generated/rcl_interfaces__msg__ParameterValue__factories.cpp.o
[72.886s] [ 53%] Building CXX object CMakeFiles/ros1_bridge.dir/generated/rcl_interfaces__msg__SetParametersResult__factories.cpp.o
[73.131s] [ 53%] Building CXX object CMakeFiles/ros1_bridge.dir/generated/rcl_interfaces__srv__DescribeParameters__factories.cpp.o
[73.301s] [ 54%] Building CXX object CMakeFiles/ros1_bridge.dir/generated/rcl_interfaces__srv__GetParameters__factories.cpp.o
[73.582s] [ 54%] Building CXX object CMakeFiles/ros1_bridge.dir/generated/rcl_interfaces__srv__GetParameterTypes__factories.cpp.o
[73.635s] [ 54%] Building CXX object CMakeFiles/ros1_bridge.dir/generated/rcl_interfaces__srv__ListParameters__factories.cpp.o
[74.249s] [ 55%] Building CXX object CMakeFiles/ros1_bridge.dir/generated/rcl_interfaces__srv__SetParametersAtomically__factories.cpp.o
[75.602s] [ 55%] Building CXX object CMakeFiles/ros1_bridge.dir/generated/rcl_interfaces__srv__SetParameters__factories.cpp.o
[75.783s] [ 55%] Building CXX object CMakeFiles/ros1_bridge.dir/generated/rmw_dds_common_factories.cpp.o
[76.062s] [ 56%] Building CXX object CMakeFiles/ros1_bridge.dir/generated/rmw_dds_common__msg__Gid__factories.cpp.o
[77.154s] [ 56%] Building CXX object CMakeFiles/ros1_bridge.dir/generated/rmw_dds_common__msg__NodeEntitiesInfo__factories.cpp.o
[77.201s] [ 56%] Building CXX object CMakeFiles/ros1_bridge.dir/generated/rmw_dds_common__msg__ParticipantEntitiesInfo__factories.cpp.o
[77.259s] [ 56%] Building CXX object CMakeFiles/ros1_bridge.dir/generated/rosbag2_interfaces_factories.cpp.o
[77.537s] [ 57%] Building CXX object CMakeFiles/ros1_bridge.dir/generated/rosbag2_interfaces__msg__ReadSplitEvent__factories.cpp.o
[77.901s] [ 57%] Building CXX object CMakeFiles/ros1_bridge.dir/generated/rosbag2_interfaces__msg__WriteSplitEvent__factories.cpp.o
[78.463s] [ 57%] Building CXX object CMakeFiles/ros1_bridge.dir/generated/rosbag2_interfaces__srv__Burst__factories.cpp.o
[78.471s] [ 58%] Building CXX object CMakeFiles/ros1_bridge.dir/generated/rosbag2_interfaces__srv__GetRate__factories.cpp.o
[78.953s] [ 58%] Building CXX object CMakeFiles/ros1_bridge.dir/generated/rosbag2_interfaces__srv__IsPaused__factories.cpp.o
[79.071s] [ 58%] Building CXX object CMakeFiles/ros1_bridge.dir/generated/rosbag2_interfaces__srv__Pause__factories.cpp.o
[79.187s] [ 59%] Building CXX object CMakeFiles/ros1_bridge.dir/generated/rosbag2_interfaces__srv__PlayNext__factories.cpp.o
[79.318s] [ 59%] Building CXX object CMakeFiles/ros1_bridge.dir/generated/rosbag2_interfaces__srv__Resume__factories.cpp.o
[79.872s] [ 59%] Building CXX object CMakeFiles/ros1_bridge.dir/generated/rosbag2_interfaces__srv__Seek__factories.cpp.o
[79.952s] [ 60%] Building CXX object CMakeFiles/ros1_bridge.dir/generated/rosbag2_interfaces__srv__SetRate__factories.cpp.o
[80.422s] [ 60%] Building CXX object CMakeFiles/ros1_bridge.dir/generated/rosbag2_interfaces__srv__Snapshot__factories.cpp.o
[80.465s] [ 60%] Building CXX object CMakeFiles/ros1_bridge.dir/generated/rosbag2_interfaces__srv__TogglePaused__factories.cpp.o
[80.488s] [ 61%] Building CXX object CMakeFiles/ros1_bridge.dir/generated/rosgraph_msgs_factories.cpp.o
[80.855s] [ 61%] Building CXX object CMakeFiles/ros1_bridge.dir/generated/rosgraph_msgs__msg__Clock__factories.cpp.o
[80.892s] [ 61%] Building CXX object CMakeFiles/ros1_bridge.dir/generated/sensor_msgs_factories.cpp.o
[80.927s] [ 62%] Building CXX object CMakeFiles/ros1_bridge.dir/generated/sensor_msgs__msg__BatteryState__factories.cpp.o
[81.135s] [ 62%] Building CXX object CMakeFiles/ros1_bridge.dir/generated/sensor_msgs__msg__CameraInfo__factories.cpp.o
[81.151s] [ 62%] Building CXX object CMakeFiles/ros1_bridge.dir/generated/sensor_msgs__msg__ChannelFloat32__factories.cpp.o
[81.356s] [ 63%] Building CXX object CMakeFiles/ros1_bridge.dir/generated/sensor_msgs__msg__CompressedImage__factories.cpp.o
[81.510s] [ 63%] Building CXX object CMakeFiles/ros1_bridge.dir/generated/sensor_msgs__msg__FluidPressure__factories.cpp.o
[81.855s] [ 63%] Building CXX object CMakeFiles/ros1_bridge.dir/generated/sensor_msgs__msg__Illuminance__factories.cpp.o
[82.295s] [ 63%] Building CXX object CMakeFiles/ros1_bridge.dir/generated/sensor_msgs__msg__Image__factories.cpp.o
[83.287s] [ 64%] Building CXX object CMakeFiles/ros1_bridge.dir/generated/sensor_msgs__msg__Imu__factories.cpp.o
[83.346s] [ 64%] Building CXX object CMakeFiles/ros1_bridge.dir/generated/sensor_msgs__msg__JointState__factories.cpp.o
[83.520s] [ 64%] Building CXX object CMakeFiles/ros1_bridge.dir/generated/sensor_msgs__msg__Joy__factories.cpp.o
[84.119s] [ 65%] Building CXX object CMakeFiles/ros1_bridge.dir/generated/sensor_msgs__msg__JoyFeedback__factories.cpp.o
[84.803s] [ 65%] Building CXX object CMakeFiles/ros1_bridge.dir/generated/sensor_msgs__msg__JoyFeedbackArray__factories.cpp.o
[84.912s] [ 65%] Building CXX object CMakeFiles/ros1_bridge.dir/generated/sensor_msgs__msg__LaserEcho__factories.cpp.o
[85.345s] [ 66%] Building CXX object CMakeFiles/ros1_bridge.dir/generated/sensor_msgs__msg__LaserScan__factories.cpp.o
[85.602s] [ 66%] Building CXX object CMakeFiles/ros1_bridge.dir/generated/sensor_msgs__msg__MagneticField__factories.cpp.o
[86.568s] [ 66%] Building CXX object CMakeFiles/ros1_bridge.dir/generated/sensor_msgs__msg__MultiDOFJointState__factories.cpp.o
[86.572s] [ 67%] Building CXX object CMakeFiles/ros1_bridge.dir/generated/sensor_msgs__msg__MultiEchoLaserScan__factories.cpp.o
[86.602s] [ 67%] Building CXX object CMakeFiles/ros1_bridge.dir/generated/sensor_msgs__msg__NavSatFix__factories.cpp.o
[87.040s] [ 67%] Building CXX object CMakeFiles/ros1_bridge.dir/generated/sensor_msgs__msg__NavSatStatus__factories.cpp.o
[87.143s] [ 68%] Building CXX object CMakeFiles/ros1_bridge.dir/generated/sensor_msgs__msg__PointCloud__factories.cpp.o
[87.511s] [ 68%] Building CXX object CMakeFiles/ros1_bridge.dir/generated/sensor_msgs__msg__PointCloud2__factories.cpp.o
[87.886s] [ 68%] Building CXX object CMakeFiles/ros1_bridge.dir/generated/sensor_msgs__msg__PointField__factories.cpp.o
[88.073s] [ 69%] Building CXX object CMakeFiles/ros1_bridge.dir/generated/sensor_msgs__msg__Range__factories.cpp.o
[88.556s] [ 69%] Building CXX object CMakeFiles/ros1_bridge.dir/generated/sensor_msgs__msg__RegionOfInterest__factories.cpp.o
[88.660s] [ 69%] Building CXX object CMakeFiles/ros1_bridge.dir/generated/sensor_msgs__msg__RelativeHumidity__factories.cpp.o
[89.144s] [ 69%] Building CXX object CMakeFiles/ros1_bridge.dir/generated/sensor_msgs__msg__Temperature__factories.cpp.o
[90.855s] [ 70%] Building CXX object CMakeFiles/ros1_bridge.dir/generated/sensor_msgs__msg__TimeReference__factories.cpp.o
[103.523s] [ 72%] Building CXX object CMakeFiles/ros1_bridge.dir/generated/std_msgs__msg__Bool__factories.cpp.o
[103.527s] [ 72%] Building CXX object CMakeFiles/ros1_bridge.dir/generated/shape_msgs_factories.cpp.o
[103.528s] [ 72%] Building CXX object CMakeFiles/ros1_bridge.dir/generated/statistics_msgs__msg__StatisticDataType__factories.cpp.o
[103.528s] [ 72%] Building CXX object CMakeFiles/ros1_bridge.dir/generated/statistics_msgs_factories.cpp.o
[103.528s] [ 72%] Building CXX object CMakeFiles/ros1_bridge.dir/generated/shape_msgs__msg__Plane__factories.cpp.o
[103.528s] [ 72%] Building CXX object CMakeFiles/ros1_bridge.dir/generated/std_msgs_factories.cpp.o
[103.528s] [ 72%] Building CXX object CMakeFiles/ros1_bridge.dir/generated/sensor_msgs__srv__SetCameraInfo__factories.cpp.o
[103.528s] [ 72%] Building CXX object CMakeFiles/ros1_bridge.dir/generated/shape_msgs__msg__SolidPrimitive__factories.cpp.o
[103.528s] [ 72%] Building CXX object CMakeFiles/ros1_bridge.dir/generated/statistics_msgs__msg__MetricsMessage__factories.cpp.o
[103.528s] [ 72%] Building CXX object CMakeFiles/ros1_bridge.dir/generated/shape_msgs__msg__MeshTriangle__factories.cpp.o
[103.528s] [ 73%] Building CXX object CMakeFiles/ros1_bridge.dir/generated/statistics_msgs__msg__StatisticDataPoint__factories.cpp.o
[103.528s] [ 74%] Building CXX object CMakeFiles/ros1_bridge.dir/generated/shape_msgs__msg__Mesh__factories.cpp.o
[103.528s] [ 74%] Building CXX object CMakeFiles/ros1_bridge.dir/generated/std_msgs__msg__Byte__factories.cpp.o
[103.661s] [ 74%] Building CXX object CMakeFiles/ros1_bridge.dir/generated/std_msgs__msg__ByteMultiArray__factories.cpp.o
[103.851s] [ 75%] Building CXX object CMakeFiles/ros1_bridge.dir/generated/std_msgs__msg__Char__factories.cpp.o
[104.562s] [ 75%] Building CXX object CMakeFiles/ros1_bridge.dir/generated/std_msgs__msg__ColorRGBA__factories.cpp.o
[105.058s] [ 75%] Building CXX object CMakeFiles/ros1_bridge.dir/generated/std_msgs__msg__Empty__factories.cpp.o
[105.333s] [ 76%] Building CXX object CMakeFiles/ros1_bridge.dir/generated/std_msgs__msg__Float32__factories.cpp.o
[105.352s] [ 76%] Building CXX object CMakeFiles/ros1_bridge.dir/generated/std_msgs__msg__Float32MultiArray__factories.cpp.o
[105.427s] [ 76%] Building CXX object CMakeFiles/ros1_bridge.dir/generated/std_msgs__msg__Float64__factories.cpp.o
[105.577s] [ 76%] Building CXX object CMakeFiles/ros1_bridge.dir/generated/std_msgs__msg__Float64MultiArray__factories.cpp.o
[105.587s] [ 77%] Building CXX object CMakeFiles/ros1_bridge.dir/generated/std_msgs__msg__Header__factories.cpp.o
[106.108s] [ 77%] Building CXX object CMakeFiles/ros1_bridge.dir/generated/std_msgs__msg__Int16__factories.cpp.o
[107.314s] [ 77%] Building CXX object CMakeFiles/ros1_bridge.dir/generated/std_msgs__msg__Int16MultiArray__factories.cpp.o
[107.324s] [ 78%] Building CXX object CMakeFiles/ros1_bridge.dir/generated/std_msgs__msg__Int32__factories.cpp.o
[107.412s] [ 78%] Building CXX object CMakeFiles/ros1_bridge.dir/generated/std_msgs__msg__Int32MultiArray__factories.cpp.o
[108.198s] [ 78%] Building CXX object CMakeFiles/ros1_bridge.dir/generated/std_msgs__msg__Int64__factories.cpp.o
[109.445s] [ 79%] Building CXX object CMakeFiles/ros1_bridge.dir/generated/std_msgs__msg__Int64MultiArray__factories.cpp.o
[113.169s] [ 79%] Building CXX object CMakeFiles/ros1_bridge.dir/generated/std_msgs__msg__Int8__factories.cpp.o
[113.844s] [ 79%] Building CXX object CMakeFiles/ros1_bridge.dir/generated/std_msgs__msg__Int8MultiArray__factories.cpp.o
[114.138s] [ 80%] Building CXX object CMakeFiles/ros1_bridge.dir/generated/std_msgs__msg__MultiArrayDimension__factories.cpp.o
[114.611s] [ 80%] Building CXX object CMakeFiles/ros1_bridge.dir/generated/std_msgs__msg__MultiArrayLayout__factories.cpp.o
[115.148s] [ 80%] Building CXX object CMakeFiles/ros1_bridge.dir/generated/std_msgs__msg__String__factories.cpp.o
[115.633s] [ 81%] Building CXX object CMakeFiles/ros1_bridge.dir/generated/std_msgs__msg__UInt16__factories.cpp.o
[119.328s] [ 81%] Building CXX object CMakeFiles/ros1_bridge.dir/generated/std_msgs__msg__UInt16MultiArray__factories.cpp.o
[123.745s] [ 82%] Building CXX object CMakeFiles/ros1_bridge.dir/generated/std_msgs__msg__UInt32MultiArray__factories.cpp.o
[123.746s] [ 82%] Building CXX object CMakeFiles/ros1_bridge.dir/generated/std_msgs__msg__UInt32__factories.cpp.o
[123.930s] [ 82%] Building CXX object CMakeFiles/ros1_bridge.dir/generated/std_msgs__msg__UInt64__factories.cpp.o
[124.290s] [ 82%] Building CXX object CMakeFiles/ros1_bridge.dir/generated/std_msgs__msg__UInt64MultiArray__factories.cpp.o
[124.302s] [ 83%] Building CXX object CMakeFiles/ros1_bridge.dir/generated/std_msgs__msg__UInt8__factories.cpp.o
[124.397s] [ 83%] Building CXX object CMakeFiles/ros1_bridge.dir/generated/std_msgs__msg__UInt8MultiArray__factories.cpp.o
[124.842s] [ 83%] Building CXX object CMakeFiles/ros1_bridge.dir/generated/std_srvs_factories.cpp.o
[125.004s] [ 83%] Building CXX object CMakeFiles/ros1_bridge.dir/generated/std_srvs__srv__Empty__factories.cpp.o
[125.153s] [ 84%] Building CXX object CMakeFiles/ros1_bridge.dir/generated/std_srvs__srv__SetBool__factories.cpp.o
[125.458s] [ 84%] Building CXX object CMakeFiles/ros1_bridge.dir/generated/std_srvs__srv__Trigger__factories.cpp.o
[125.589s] [ 84%] Building CXX object CMakeFiles/ros1_bridge.dir/generated/stereo_msgs_factories.cpp.o
[125.624s] [ 85%] Building CXX object CMakeFiles/ros1_bridge.dir/generated/stereo_msgs__msg__DisparityImage__factories.cpp.o
[125.624s] [ 85%] Building CXX object CMakeFiles/ros1_bridge.dir/generated/tf2_msgs_factories.cpp.o
[125.645s] [ 85%] Building CXX object CMakeFiles/ros1_bridge.dir/generated/tf2_msgs__msg__TF2Error__factories.cpp.o
[125.701s] [ 86%] Building CXX object CMakeFiles/ros1_bridge.dir/generated/tf2_msgs__msg__TFMessage__factories.cpp.o
[126.084s] [ 86%] Building CXX object CMakeFiles/ros1_bridge.dir/generated/tf2_msgs__srv__FrameGraph__factories.cpp.o
[126.264s] [ 86%] Building CXX object CMakeFiles/ros1_bridge.dir/generated/tf2_msgs__action__LookupTransform__factories.cpp.o
[126.337s] [ 87%] Building CXX object CMakeFiles/ros1_bridge.dir/generated/trajectory_msgs_factories.cpp.o
[126.393s] [ 87%] Building CXX object CMakeFiles/ros1_bridge.dir/generated/trajectory_msgs__msg__JointTrajectory__factories.cpp.o
[127.784s] [ 87%] Building CXX object CMakeFiles/ros1_bridge.dir/generated/trajectory_msgs__msg__JointTrajectoryPoint__factories.cpp.o
[128.250s] [ 88%] Building CXX object CMakeFiles/ros1_bridge.dir/generated/trajectory_msgs__msg__MultiDOFJointTrajectory__factories.cpp.o
[131.936s] [ 88%] Building CXX object CMakeFiles/ros1_bridge.dir/generated/trajectory_msgs__msg__MultiDOFJointTrajectoryPoint__factories.cpp.o
[132.459s] [ 88%] Building CXX object CMakeFiles/ros1_bridge.dir/generated/turtlesim_factories.cpp.o
[132.579s] [ 89%] Building CXX object CMakeFiles/ros1_bridge.dir/generated/turtlesim__action__RotateAbsolute__factories.cpp.o
[132.809s] [ 89%] Building CXX object CMakeFiles/ros1_bridge.dir/generated/turtlesim__msg__Color__factories.cpp.o
[133.361s] [ 89%] Building CXX object CMakeFiles/ros1_bridge.dir/generated/turtlesim__msg__Pose__factories.cpp.o
[133.447s] [ 89%] Building CXX object CMakeFiles/ros1_bridge.dir/generated/turtlesim__srv__Kill__factories.cpp.o
[134.264s] [ 90%] Building CXX object CMakeFiles/ros1_bridge.dir/generated/turtlesim__srv__SetPen__factories.cpp.o
[134.744s] [ 90%] Building CXX object CMakeFiles/ros1_bridge.dir/generated/turtlesim__srv__Spawn__factories.cpp.o
[134.901s] [ 90%] Building CXX object CMakeFiles/ros1_bridge.dir/generated/turtlesim__srv__TeleportAbsolute__factories.cpp.o
[135.190s] [ 91%] Building CXX object CMakeFiles/ros1_bridge.dir/generated/turtlesim__srv__TeleportRelative__factories.cpp.o
[135.805s] [ 91%] Building CXX object CMakeFiles/ros1_bridge.dir/generated/unique_identifier_msgs_factories.cpp.o
[135.990s] [ 91%] Building CXX object CMakeFiles/ros1_bridge.dir/generated/unique_identifier_msgs__msg__UUID__factories.cpp.o
[136.791s] [ 92%] Building CXX object CMakeFiles/ros1_bridge.dir/generated/visualization_msgs_factories.cpp.o
[138.669s] [ 92%] Building CXX object CMakeFiles/ros1_bridge.dir/generated/visualization_msgs__msg__ImageMarker__factories.cpp.o
[139.421s] [ 92%] Building CXX object CMakeFiles/ros1_bridge.dir/generated/visualization_msgs__msg__InteractiveMarker__factories.cpp.o
[140.193s] [ 93%] Building CXX object CMakeFiles/ros1_bridge.dir/generated/visualization_msgs__msg__InteractiveMarkerControl__factories.cpp.o
[140.375s] [ 93%] Building CXX object CMakeFiles/ros1_bridge.dir/generated/visualization_msgs__msg__InteractiveMarkerFeedback__factories.cpp.o
[140.406s] [ 93%] Building CXX object CMakeFiles/ros1_bridge.dir/generated/visualization_msgs__msg__InteractiveMarkerInit__factories.cpp.o
[141.655s] [ 94%] Building CXX object CMakeFiles/ros1_bridge.dir/generated/visualization_msgs__msg__InteractiveMarkerPose__factories.cpp.o
[143.803s] [ 94%] Building CXX object CMakeFiles/ros1_bridge.dir/generated/visualization_msgs__msg__InteractiveMarkerUpdate__factories.cpp.o
[144.195s] [ 94%] Building CXX object CMakeFiles/ros1_bridge.dir/generated/visualization_msgs__msg__Marker__factories.cpp.o
[144.358s] [ 95%] Building CXX object CMakeFiles/ros1_bridge.dir/generated/visualization_msgs__msg__MarkerArray__factories.cpp.o
[144.484s] [ 95%] Building CXX object CMakeFiles/ros1_bridge.dir/generated/visualization_msgs__msg__MenuEntry__factories.cpp.o
[144.532s] [ 95%] Building CXX object CMakeFiles/ros1_bridge.dir/generated/visualization_msgs__msg__MeshFile__factories.cpp.o
[144.728s] [ 96%] Building CXX object CMakeFiles/ros1_bridge.dir/generated/visualization_msgs__msg__UVCoordinate__factories.cpp.o
[144.877s] [ 96%] Building CXX object CMakeFiles/ros1_bridge.dir/generated/visualization_msgs__srv__GetInteractiveMarkers__factories.cpp.o
[158.645s] [ 96%] Linking CXX shared library libros1_bridge.so
[167.011s] [ 96%] Built target ros1_bridge
[167.034s] [ 96%] Building CXX object CMakeFiles/test_convert_generic.dir/test/test_convert_generic.cpp.o
[167.034s] [ 96%] Building CXX object CMakeFiles/test_ros2_to_ros1_serialization.dir/test/test_ros2_to_ros1_serialization.cpp.o
[167.034s] [ 96%] Building CXX object CMakeFiles/parameter_bridge.dir/src/parameter_bridge.cpp.o
[167.034s] [ 96%] Building CXX object CMakeFiles/static_bridge.dir/src/static_bridge.cpp.o
[167.036s] [ 96%] Building CXX object CMakeFiles/action_bridge.dir/src/action_bridge.cpp.o
[167.036s] [ 96%] Building CXX object CMakeFiles/dynamic_bridge.dir/src/dynamic_bridge.cpp.o
[170.315s] [ 97%] Linking CXX executable static_bridge
[170.402s] [ 97%] Linking CXX executable action_bridge
[170.789s] [ 98%] Linking CXX executable parameter_bridge
[173.552s] [ 99%] Linking CXX executable dynamic_bridge
[173.623s] [ 99%] Built target static_bridge
[173.778s] [ 99%] Built target action_bridge
[174.078s] [ 99%] Built target parameter_bridge
[175.688s] [ 99%] Built target dynamic_bridge
[195.007s] [ 99%] Linking CXX executable test_convert_generic
[197.256s] [ 99%] Built target test_convert_generic
[197.553s] [100%] Linking CXX executable test_ros2_to_ros1_serialization
[199.818s] [100%] Built target test_ros2_to_ros1_serialization
[199.859s] Invoked command in '/ros-humble-ros1-bridge/build/ros1_bridge' returned '0': CMAKE_PREFIX_PATH=/opt/ros/humble:${CMAKE_PREFIX_PATH} /usr/bin/cmake --build /ros-humble-ros1-bridge/build/ros1_bridge
[199.897s] Invoking command in '/ros-humble-ros1-bridge/build/ros1_bridge': CMAKE_PREFIX_PATH=/opt/ros/humble:${CMAKE_PREFIX_PATH} /usr/bin/cmake --install /ros-humble-ros1-bridge/build/ros1_bridge
[199.909s] -- Install configuration: "Release"
[199.912s] -- Installing: /ros-humble-ros1-bridge/install/ros1_bridge/share/ros1_bridge/environment/library_path.sh
[199.912s] -- Installing: /ros-humble-ros1-bridge/install/ros1_bridge/share/ros1_bridge/environment/library_path.dsv
[199.913s] -- Installing: /ros-humble-ros1-bridge/install/ros1_bridge/share/ros1_bridge/environment/pythonpath.sh
[199.913s] -- Installing: /ros-humble-ros1-bridge/install/ros1_bridge/share/ros1_bridge/environment/pythonpath.dsv
[199.914s] -- Installing: /ros-humble-ros1-bridge/install/ros1_bridge/local/lib/python3.10/dist-packages/ros1_bridge-0.10.3-py3.10.egg-info
[199.914s] -- Installing: /ros-humble-ros1-bridge/install/ros1_bridge/local/lib/python3.10/dist-packages/ros1_bridge-0.10.3-py3.10.egg-info/dependency_links.txt
[199.914s] -- Installing: /ros-humble-ros1-bridge/install/ros1_bridge/local/lib/python3.10/dist-packages/ros1_bridge-0.10.3-py3.10.egg-info/SOURCES.txt
[199.914s] -- Installing: /ros-humble-ros1-bridge/install/ros1_bridge/local/lib/python3.10/dist-packages/ros1_bridge-0.10.3-py3.10.egg-info/top_level.txt
[199.915s] -- Installing: /ros-humble-ros1-bridge/install/ros1_bridge/local/lib/python3.10/dist-packages/ros1_bridge-0.10.3-py3.10.egg-info/PKG-INFO
[199.915s] -- Installing: /ros-humble-ros1-bridge/install/ros1_bridge/local/lib/python3.10/dist-packages/ros1_bridge
[199.915s] -- Installing: /ros-humble-ros1-bridge/install/ros1_bridge/local/lib/python3.10/dist-packages/ros1_bridge/__init__.py
[200.000s] Listing '/ros-humble-ros1-bridge/install/ros1_bridge/local/lib/python3.10/dist-packages/ros1_bridge'...
[200.000s] Compiling '/ros-humble-ros1-bridge/install/ros1_bridge/local/lib/python3.10/dist-packages/ros1_bridge/__init__.py'...
[200.004s] -- Installing: /ros-humble-ros1-bridge/install/ros1_bridge/share/ament_index/resource_index/package_run_dependencies/ros1_bridge
[200.005s] -- Installing: /ros-humble-ros1-bridge/install/ros1_bridge/share/ament_index/resource_index/parent_prefix_path/ros1_bridge
[200.007s] -- Installing: /ros-humble-ros1-bridge/install/ros1_bridge/share/ros1_bridge/environment/ament_prefix_path.sh
[200.007s] -- Installing: /ros-humble-ros1-bridge/install/ros1_bridge/share/ros1_bridge/environment/ament_prefix_path.dsv
[200.007s] -- Installing: /ros-humble-ros1-bridge/install/ros1_bridge/share/ros1_bridge/environment/path.sh
[200.008s] -- Installing: /ros-humble-ros1-bridge/install/ros1_bridge/share/ros1_bridge/environment/path.dsv
[200.008s] -- Installing: /ros-humble-ros1-bridge/install/ros1_bridge/share/ros1_bridge/local_setup.bash
[200.008s] -- Installing: /ros-humble-ros1-bridge/install/ros1_bridge/share/ros1_bridge/local_setup.sh
[200.008s] -- Installing: /ros-humble-ros1-bridge/install/ros1_bridge/share/ros1_bridge/local_setup.zsh
[200.009s] -- Installing: /ros-humble-ros1-bridge/install/ros1_bridge/share/ros1_bridge/local_setup.dsv
[200.009s] -- Installing: /ros-humble-ros1-bridge/install/ros1_bridge/share/ros1_bridge/package.dsv
[200.010s] -- Installing: /ros-humble-ros1-bridge/install/ros1_bridge/share/ament_index/resource_index/packages/ros1_bridge
[200.010s] -- Installing: /ros-humble-ros1-bridge/install/ros1_bridge/share/ros1_bridge/cmake/find_ros1_package.cmake
[200.010s] -- Installing: /ros-humble-ros1-bridge/install/ros1_bridge/share/ros1_bridge/cmake/find_ros1_interface_packages.cmake
[200.011s] -- Installing: /ros-humble-ros1-bridge/install/ros1_bridge/share/ros1_bridge/cmake/ament_cmake_export_include_directories-extras.cmake
[200.011s] -- Installing: /ros-humble-ros1-bridge/install/ros1_bridge/share/ros1_bridge/cmake/ament_cmake_export_libraries-extras.cmake
[200.012s] -- Installing: /ros-humble-ros1-bridge/install/ros1_bridge/share/ros1_bridge/cmake/ros1_bridgeConfig.cmake
[200.012s] -- Installing: /ros-humble-ros1-bridge/install/ros1_bridge/share/ros1_bridge/cmake/ros1_bridgeConfig-version.cmake
[200.012s] -- Installing: /ros-humble-ros1-bridge/install/ros1_bridge/share/ros1_bridge/package.xml
[200.013s] -- Installing: /ros-humble-ros1-bridge/install/ros1_bridge/lib/ros1_bridge/simple_bridge_1_to_2
[200.014s] -- Set runtime path of "/ros-humble-ros1-bridge/install/ros1_bridge/lib/ros1_bridge/simple_bridge_1_to_2" to ""
[200.014s] -- Installing: /ros-humble-ros1-bridge/install/ros1_bridge/lib/ros1_bridge/simple_bridge_2_to_1
[200.016s] -- Set runtime path of "/ros-humble-ros1-bridge/install/ros1_bridge/lib/ros1_bridge/simple_bridge_2_to_1" to ""
[200.016s] -- Installing: /ros-humble-ros1-bridge/install/ros1_bridge/lib/ros1_bridge/simple_bridge
[200.018s] -- Set runtime path of "/ros-humble-ros1-bridge/install/ros1_bridge/lib/ros1_bridge/simple_bridge" to ""
[200.018s] -- Installing: /ros-humble-ros1-bridge/install/ros1_bridge/lib/libros1_bridge.so
[200.075s] -- Set runtime path of "/ros-humble-ros1-bridge/install/ros1_bridge/lib/libros1_bridge.so" to ""
[200.075s] -- Installing: /ros-humble-ros1-bridge/install/ros1_bridge/lib/ros1_bridge/static_bridge
[200.075s] -- Set runtime path of "/ros-humble-ros1-bridge/install/ros1_bridge/lib/ros1_bridge/static_bridge" to ""
[200.075s] -- Installing: /ros-humble-ros1-bridge/install/ros1_bridge/lib/ros1_bridge/action_bridge
[200.076s] -- Set runtime path of "/ros-humble-ros1-bridge/install/ros1_bridge/lib/ros1_bridge/action_bridge" to ""
[200.076s] -- Installing: /ros-humble-ros1-bridge/install/ros1_bridge/lib/ros1_bridge/parameter_bridge
[200.076s] -- Set runtime path of "/ros-humble-ros1-bridge/install/ros1_bridge/lib/ros1_bridge/parameter_bridge" to ""
[200.076s] -- Installing: /ros-humble-ros1-bridge/install/ros1_bridge/lib/ros1_bridge/dynamic_bridge
[200.076s] -- Set runtime path of "/ros-humble-ros1-bridge/install/ros1_bridge/lib/ros1_bridge/dynamic_bridge" to ""
[200.077s] -- Installing: /ros-humble-ros1-bridge/install/ros1_bridge/lib/ros1_bridge/test_ros2_client_cpp
[200.079s] -- Set runtime path of "/ros-humble-ros1-bridge/install/ros1_bridge/lib/ros1_bridge/test_ros2_client_cpp" to ""
[200.079s] -- Installing: /ros-humble-ros1-bridge/install/ros1_bridge/lib/ros1_bridge/test_ros2_server_cpp
[200.081s] -- Set runtime path of "/ros-humble-ros1-bridge/install/ros1_bridge/lib/ros1_bridge/test_ros2_server_cpp" to ""
[200.082s] -- Installing: /ros-humble-ros1-bridge/install/ros1_bridge/lib/ros1_bridge/generate_factories/ros1_bridge_generate_factories
[200.082s] -- Up-to-date: /ros-humble-ros1-bridge/install/ros1_bridge/share/ros1_bridge/cmake
[200.082s] -- Up-to-date: /ros-humble-ros1-bridge/install/ros1_bridge/share/ros1_bridge/cmake/find_ros1_interface_packages.cmake
[200.082s] -- Up-to-date: /ros-humble-ros1-bridge/install/ros1_bridge/share/ros1_bridge/cmake/find_ros1_package.cmake
[200.083s] -- Installing: /ros-humble-ros1-bridge/install/ros1_bridge/include
[200.083s] -- Installing: /ros-humble-ros1-bridge/install/ros1_bridge/include/ros1_bridge
[200.083s] -- Installing: /ros-humble-ros1-bridge/install/ros1_bridge/include/ros1_bridge/convert_decl.hpp
[200.083s] -- Installing: /ros-humble-ros1-bridge/install/ros1_bridge/include/ros1_bridge/factory.hpp
[200.083s] -- Installing: /ros-humble-ros1-bridge/install/ros1_bridge/include/ros1_bridge/convert_builtin_interfaces.hpp
[200.083s] -- Installing: /ros-humble-ros1-bridge/install/ros1_bridge/include/ros1_bridge/action_factory.hpp
[200.083s] -- Installing: /ros-humble-ros1-bridge/install/ros1_bridge/include/ros1_bridge/bridge.hpp
[200.083s] -- Installing: /ros-humble-ros1-bridge/install/ros1_bridge/include/ros1_bridge/factory_interface.hpp
[200.083s] -- Installing: /ros-humble-ros1-bridge/install/ros1_bridge/include/ros1_bridge/builtin_interfaces_factories.hpp
[200.085s] -- Installing: /ros-humble-ros1-bridge/install/ros1_bridge/share/ros1_bridge/resource
[200.086s] -- Installing: /ros-humble-ros1-bridge/install/ros1_bridge/share/ros1_bridge/resource/get_factory.cpp.em
[200.086s] -- Installing: /ros-humble-ros1-bridge/install/ros1_bridge/share/ros1_bridge/resource/get_mappings.cpp.em
[200.087s] -- Installing: /ros-humble-ros1-bridge/install/ros1_bridge/share/ros1_bridge/resource/pkg_factories.hpp.em
[200.087s] -- Installing: /ros-humble-ros1-bridge/install/ros1_bridge/share/ros1_bridge/resource/interface_factories.cpp.em
[200.088s] -- Installing: /ros-humble-ros1-bridge/install/ros1_bridge/share/ros1_bridge/resource/pkg_factories.cpp.em
[200.090s] Invoked command in '/ros-humble-ros1-bridge/build/ros1_bridge' returned '0': CMAKE_PREFIX_PATH=/opt/ros/humble:${CMAKE_PREFIX_PATH} /usr/bin/cmake --install /ros-humble-ros1-bridge/build/ros1_bridge
