[0.064s] DEBUG:colcon:Command line arguments: ['/usr/bin/colcon', 'build']
[0.064s] DEBUG:colcon:Parsed command line arguments: Namespace(log_base=None, log_level=None, verb_name='build', build_base='build', install_base='install', merge_install=False, symlink_install=False, test_result_base=None, continue_on_error=False, executor='parallel', parallel_workers=28, event_handlers=None, ignore_user_meta=False, metas=['./colcon.meta'], base_paths=['.'], packages_ignore=None, packages_ignore_regex=None, paths=None, packages_up_to=None, packages_up_to_regex=None, packages_above=None, packages_above_and_dependencies=None, packages_above_depth=None, packages_select_by_dep=None, packages_skip_by_dep=None, packages_skip_up_to=None, packages_select_build_failed=False, packages_skip_build_finished=False, packages_select_test_failures=False, packages_skip_test_passed=False, packages_select=None, packages_skip=None, packages_select_regex=None, packages_skip_regex=None, packages_start=None, packages_end=None, cmake_args=None, cmake_target=None, cmake_target_skip_unavailable=False, cmake_clean_cache=False, cmake_clean_first=False, cmake_force_configure=False, ament_cmake_args=None, catkin_cmake_args=None, catkin_skip_building_tests=False, mixin_files=None, mixin=None, verb_parser=<colcon_mixin.mixin.mixin_argument.MixinArgumentDecorator object at 0x72d5a7517d00>, verb_extension=<colcon_core.verb.build.BuildVerb object at 0x72d5a7660cd0>, main=<bound method BuildVerb.main of <colcon_core.verb.build.BuildVerb object at 0x72d5a7660cd0>>, mixin_verb=('build',))
[0.148s] Level 1:colcon.colcon_core.package_discovery:discover_packages(colcon_meta) check parameters
[0.148s] Level 1:colcon.colcon_core.package_discovery:discover_packages(recursive) check parameters
[0.148s] Level 1:colcon.colcon_core.package_discovery:discover_packages(ignore) check parameters
[0.148s] Level 1:colcon.colcon_core.package_discovery:discover_packages(path) check parameters
[0.148s] Level 1:colcon.colcon_core.package_discovery:discover_packages(colcon_meta) discover
[0.148s] Level 1:colcon.colcon_core.package_discovery:discover_packages(recursive) discover
[0.148s] INFO:colcon.colcon_core.package_discovery:Crawling recursively for packages in '/home/yutou/ros2_ws'
[0.148s] Level 1:colcon.colcon_core.package_identification:_identify(.) by extensions ['ignore', 'ignore_ament_install']
[0.148s] Level 1:colcon.colcon_core.package_identification:_identify(.) by extension 'ignore'
[0.148s] Level 1:colcon.colcon_core.package_identification:_identify(.) by extension 'ignore_ament_install'
[0.148s] Level 1:colcon.colcon_core.package_identification:_identify(.) by extensions ['colcon_pkg']
[0.148s] Level 1:colcon.colcon_core.package_identification:_identify(.) by extension 'colcon_pkg'
[0.149s] Level 1:colcon.colcon_core.package_identification:_identify(.) by extensions ['colcon_meta']
[0.149s] Level 1:colcon.colcon_core.package_identification:_identify(.) by extension 'colcon_meta'
[0.149s] Level 1:colcon.colcon_core.package_identification:_identify(.) by extensions ['ros']
[0.149s] Level 1:colcon.colcon_core.package_identification:_identify(.) by extension 'ros'
[0.156s] Level 1:colcon.colcon_core.package_identification:_identify(.) by extensions ['cmake', 'python']
[0.156s] Level 1:colcon.colcon_core.package_identification:_identify(.) by extension 'cmake'
[0.156s] Level 1:colcon.colcon_core.package_identification:_identify(.) by extension 'python'
[0.156s] Level 1:colcon.colcon_core.package_identification:_identify(.) by extensions ['python_setup_py']
[0.156s] Level 1:colcon.colcon_core.package_identification:_identify(.) by extension 'python_setup_py'
[0.156s] Level 1:colcon.colcon_core.package_identification:_identify(build) by extensions ['ignore', 'ignore_ament_install']
[0.156s] Level 1:colcon.colcon_core.package_identification:_identify(build) by extension 'ignore'
[0.156s] Level 1:colcon.colcon_core.package_identification:_identify(build) ignored
[0.156s] Level 1:colcon.colcon_core.package_identification:_identify(functional_packages) by extensions ['ignore', 'ignore_ament_install']
[0.157s] Level 1:colcon.colcon_core.package_identification:_identify(functional_packages) by extension 'ignore'
[0.157s] Level 1:colcon.colcon_core.package_identification:_identify(functional_packages) by extension 'ignore_ament_install'
[0.157s] Level 1:colcon.colcon_core.package_identification:_identify(functional_packages) by extensions ['colcon_pkg']
[0.157s] Level 1:colcon.colcon_core.package_identification:_identify(functional_packages) by extension 'colcon_pkg'
[0.157s] Level 1:colcon.colcon_core.package_identification:_identify(functional_packages) by extensions ['colcon_meta']
[0.157s] Level 1:colcon.colcon_core.package_identification:_identify(functional_packages) by extension 'colcon_meta'
[0.157s] Level 1:colcon.colcon_core.package_identification:_identify(functional_packages) by extensions ['ros']
[0.157s] Level 1:colcon.colcon_core.package_identification:_identify(functional_packages) by extension 'ros'
[0.157s] Level 1:colcon.colcon_core.package_identification:_identify(functional_packages) by extensions ['cmake', 'python']
[0.157s] Level 1:colcon.colcon_core.package_identification:_identify(functional_packages) by extension 'cmake'
[0.157s] Level 1:colcon.colcon_core.package_identification:_identify(functional_packages) by extension 'python'
[0.157s] Level 1:colcon.colcon_core.package_identification:_identify(functional_packages) by extensions ['python_setup_py']
[0.157s] Level 1:colcon.colcon_core.package_identification:_identify(functional_packages) by extension 'python_setup_py'
[0.157s] Level 1:colcon.colcon_core.package_identification:_identify(functional_packages/ROS1-ROS2_ Bridge) by extensions ['ignore', 'ignore_ament_install']
[0.157s] Level 1:colcon.colcon_core.package_identification:_identify(functional_packages/ROS1-ROS2_ Bridge) by extension 'ignore'
[0.157s] Level 1:colcon.colcon_core.package_identification:_identify(functional_packages/ROS1-ROS2_ Bridge) by extension 'ignore_ament_install'
[0.157s] Level 1:colcon.colcon_core.package_identification:_identify(functional_packages/ROS1-ROS2_ Bridge) by extensions ['colcon_pkg']
[0.157s] Level 1:colcon.colcon_core.package_identification:_identify(functional_packages/ROS1-ROS2_ Bridge) by extension 'colcon_pkg'
[0.157s] Level 1:colcon.colcon_core.package_identification:_identify(functional_packages/ROS1-ROS2_ Bridge) by extensions ['colcon_meta']
[0.157s] Level 1:colcon.colcon_core.package_identification:_identify(functional_packages/ROS1-ROS2_ Bridge) by extension 'colcon_meta'
[0.157s] Level 1:colcon.colcon_core.package_identification:_identify(functional_packages/ROS1-ROS2_ Bridge) by extensions ['ros']
[0.157s] Level 1:colcon.colcon_core.package_identification:_identify(functional_packages/ROS1-ROS2_ Bridge) by extension 'ros'
[0.157s] Level 1:colcon.colcon_core.package_identification:_identify(functional_packages/ROS1-ROS2_ Bridge) by extensions ['cmake', 'python']
[0.157s] Level 1:colcon.colcon_core.package_identification:_identify(functional_packages/ROS1-ROS2_ Bridge) by extension 'cmake'
[0.157s] Level 1:colcon.colcon_core.package_identification:_identify(functional_packages/ROS1-ROS2_ Bridge) by extension 'python'
[0.157s] Level 1:colcon.colcon_core.package_identification:_identify(functional_packages/ROS1-ROS2_ Bridge) by extensions ['python_setup_py']
[0.157s] Level 1:colcon.colcon_core.package_identification:_identify(functional_packages/ROS1-ROS2_ Bridge) by extension 'python_setup_py'
[0.157s] Level 1:colcon.colcon_core.package_identification:_identify(functional_packages/ROS1-ROS2_ Bridge/build) by extensions ['ignore', 'ignore_ament_install']
[0.157s] Level 1:colcon.colcon_core.package_identification:_identify(functional_packages/ROS1-ROS2_ Bridge/build) by extension 'ignore'
[0.157s] Level 1:colcon.colcon_core.package_identification:_identify(functional_packages/ROS1-ROS2_ Bridge/build) by extension 'ignore_ament_install'
[0.157s] Level 1:colcon.colcon_core.package_identification:_identify(functional_packages/ROS1-ROS2_ Bridge/build) by extensions ['colcon_pkg']
[0.157s] Level 1:colcon.colcon_core.package_identification:_identify(functional_packages/ROS1-ROS2_ Bridge/build) by extension 'colcon_pkg'
[0.157s] Level 1:colcon.colcon_core.package_identification:_identify(functional_packages/ROS1-ROS2_ Bridge/build) by extensions ['colcon_meta']
[0.157s] Level 1:colcon.colcon_core.package_identification:_identify(functional_packages/ROS1-ROS2_ Bridge/build) by extension 'colcon_meta'
[0.157s] Level 1:colcon.colcon_core.package_identification:_identify(functional_packages/ROS1-ROS2_ Bridge/build) by extensions ['ros']
[0.157s] Level 1:colcon.colcon_core.package_identification:_identify(functional_packages/ROS1-ROS2_ Bridge/build) by extension 'ros'
[0.157s] Level 1:colcon.colcon_core.package_identification:_identify(functional_packages/ROS1-ROS2_ Bridge/build) by extensions ['cmake', 'python']
[0.157s] Level 1:colcon.colcon_core.package_identification:_identify(functional_packages/ROS1-ROS2_ Bridge/build) by extension 'cmake'
[0.157s] Level 1:colcon.colcon_core.package_identification:_identify(functional_packages/ROS1-ROS2_ Bridge/build) by extension 'python'
[0.157s] Level 1:colcon.colcon_core.package_identification:_identify(functional_packages/ROS1-ROS2_ Bridge/build) by extensions ['python_setup_py']
[0.158s] Level 1:colcon.colcon_core.package_identification:_identify(functional_packages/ROS1-ROS2_ Bridge/build) by extension 'python_setup_py'
[0.158s] Level 1:colcon.colcon_core.package_identification:_identify(functional_packages/ROS1-ROS2_ Bridge/src) by extensions ['ignore', 'ignore_ament_install']
[0.158s] Level 1:colcon.colcon_core.package_identification:_identify(functional_packages/ROS1-ROS2_ Bridge/src) by extension 'ignore'
[0.158s] Level 1:colcon.colcon_core.package_identification:_identify(functional_packages/ROS1-ROS2_ Bridge/src) by extension 'ignore_ament_install'
[0.158s] Level 1:colcon.colcon_core.package_identification:_identify(functional_packages/ROS1-ROS2_ Bridge/src) by extensions ['colcon_pkg']
[0.158s] Level 1:colcon.colcon_core.package_identification:_identify(functional_packages/ROS1-ROS2_ Bridge/src) by extension 'colcon_pkg'
[0.158s] Level 1:colcon.colcon_core.package_identification:_identify(functional_packages/ROS1-ROS2_ Bridge/src) by extensions ['colcon_meta']
[0.158s] Level 1:colcon.colcon_core.package_identification:_identify(functional_packages/ROS1-ROS2_ Bridge/src) by extension 'colcon_meta'
[0.158s] Level 1:colcon.colcon_core.package_identification:_identify(functional_packages/ROS1-ROS2_ Bridge/src) by extensions ['ros']
[0.158s] Level 1:colcon.colcon_core.package_identification:_identify(functional_packages/ROS1-ROS2_ Bridge/src) by extension 'ros'
[0.158s] Level 1:colcon.colcon_core.package_identification:_identify(functional_packages/ROS1-ROS2_ Bridge/src) by extensions ['cmake', 'python']
[0.158s] Level 1:colcon.colcon_core.package_identification:_identify(functional_packages/ROS1-ROS2_ Bridge/src) by extension 'cmake'
[0.158s] Level 1:colcon.colcon_core.package_identification:_identify(functional_packages/ROS1-ROS2_ Bridge/src) by extension 'python'
[0.158s] Level 1:colcon.colcon_core.package_identification:_identify(functional_packages/ROS1-ROS2_ Bridge/src) by extensions ['python_setup_py']
[0.158s] Level 1:colcon.colcon_core.package_identification:_identify(functional_packages/ROS1-ROS2_ Bridge/src) by extension 'python_setup_py'
[0.158s] Level 1:colcon.colcon_core.package_identification:_identify(install) by extensions ['ignore', 'ignore_ament_install']
[0.158s] Level 1:colcon.colcon_core.package_identification:_identify(install) by extension 'ignore'
[0.158s] Level 1:colcon.colcon_core.package_identification:_identify(install) ignored
[0.159s] Level 1:colcon.colcon_core.package_identification:_identify(log) by extensions ['ignore', 'ignore_ament_install']
[0.159s] Level 1:colcon.colcon_core.package_identification:_identify(log) by extension 'ignore'
[0.159s] Level 1:colcon.colcon_core.package_identification:_identify(log) ignored
[0.159s] Level 1:colcon.colcon_core.package_identification:_identify(src) by extensions ['ignore', 'ignore_ament_install']
[0.159s] Level 1:colcon.colcon_core.package_identification:_identify(src) by extension 'ignore'
[0.159s] Level 1:colcon.colcon_core.package_identification:_identify(src) by extension 'ignore_ament_install'
[0.159s] Level 1:colcon.colcon_core.package_identification:_identify(src) by extensions ['colcon_pkg']
[0.159s] Level 1:colcon.colcon_core.package_identification:_identify(src) by extension 'colcon_pkg'
[0.159s] Level 1:colcon.colcon_core.package_identification:_identify(src) by extensions ['colcon_meta']
[0.159s] Level 1:colcon.colcon_core.package_identification:_identify(src) by extension 'colcon_meta'
[0.159s] Level 1:colcon.colcon_core.package_identification:_identify(src) by extensions ['ros']
[0.159s] Level 1:colcon.colcon_core.package_identification:_identify(src) by extension 'ros'
[0.159s] Level 1:colcon.colcon_core.package_identification:_identify(src) by extensions ['cmake', 'python']
[0.159s] Level 1:colcon.colcon_core.package_identification:_identify(src) by extension 'cmake'
[0.159s] Level 1:colcon.colcon_core.package_identification:_identify(src) by extension 'python'
[0.159s] Level 1:colcon.colcon_core.package_identification:_identify(src) by extensions ['python_setup_py']
[0.159s] Level 1:colcon.colcon_core.package_identification:_identify(src) by extension 'python_setup_py'
[0.159s] Level 1:colcon.colcon_core.package_identification:_identify(src/all) by extensions ['ignore', 'ignore_ament_install']
[0.159s] Level 1:colcon.colcon_core.package_identification:_identify(src/all) by extension 'ignore'
[0.159s] Level 1:colcon.colcon_core.package_identification:_identify(src/all) by extension 'ignore_ament_install'
[0.159s] Level 1:colcon.colcon_core.package_identification:_identify(src/all) by extensions ['colcon_pkg']
[0.159s] Level 1:colcon.colcon_core.package_identification:_identify(src/all) by extension 'colcon_pkg'
[0.159s] Level 1:colcon.colcon_core.package_identification:_identify(src/all) by extensions ['colcon_meta']
[0.159s] Level 1:colcon.colcon_core.package_identification:_identify(src/all) by extension 'colcon_meta'
[0.159s] Level 1:colcon.colcon_core.package_identification:_identify(src/all) by extensions ['ros']
[0.159s] Level 1:colcon.colcon_core.package_identification:_identify(src/all) by extension 'ros'
[0.161s] DEBUG:colcon.colcon_core.package_identification:Package 'src/all' with type 'ros.ament_cmake' and name 'all'
[0.161s] Level 1:colcon.colcon_core.package_discovery:discover_packages(recursive) using defaults
[0.161s] Level 1:colcon.colcon_core.package_discovery:discover_packages(ignore) discover
[0.161s] Level 1:colcon.colcon_core.package_discovery:discover_packages(ignore) using defaults
[0.161s] Level 1:colcon.colcon_core.package_discovery:discover_packages(path) discover
[0.161s] Level 1:colcon.colcon_core.package_discovery:discover_packages(path) using defaults
[0.174s] Level 5:colcon.colcon_core.verb:set package 'all' build argument 'cmake_args' from command line to 'None'
[0.174s] Level 5:colcon.colcon_core.verb:set package 'all' build argument 'cmake_target' from command line to 'None'
[0.174s] Level 5:colcon.colcon_core.verb:set package 'all' build argument 'cmake_target_skip_unavailable' from command line to 'False'
[0.174s] Level 5:colcon.colcon_core.verb:set package 'all' build argument 'cmake_clean_cache' from command line to 'False'
[0.174s] Level 5:colcon.colcon_core.verb:set package 'all' build argument 'cmake_clean_first' from command line to 'False'
[0.174s] Level 5:colcon.colcon_core.verb:set package 'all' build argument 'cmake_force_configure' from command line to 'False'
[0.174s] Level 5:colcon.colcon_core.verb:set package 'all' build argument 'ament_cmake_args' from command line to 'None'
[0.174s] Level 5:colcon.colcon_core.verb:set package 'all' build argument 'catkin_cmake_args' from command line to 'None'
[0.174s] Level 5:colcon.colcon_core.verb:set package 'all' build argument 'catkin_skip_building_tests' from command line to 'False'
[0.174s] DEBUG:colcon.colcon_core.verb:Building package 'all' with the following arguments: {'ament_cmake_args': None, 'build_base': '/home/yutou/ros2_ws/build/all', 'catkin_cmake_args': None, 'catkin_skip_building_tests': False, 'cmake_args': None, 'cmake_clean_cache': False, 'cmake_clean_first': False, 'cmake_force_configure': False, 'cmake_target': None, 'cmake_target_skip_unavailable': False, 'install_base': '/home/yutou/ros2_ws/install/all', 'merge_install': False, 'path': '/home/yutou/ros2_ws/src/all', 'symlink_install': False, 'test_result_base': None}
[0.174s] INFO:colcon.colcon_core.executor:Executing jobs using 'parallel' executor
[0.175s] DEBUG:colcon.colcon_parallel_executor.executor.parallel:run_until_complete
[0.175s] INFO:colcon.colcon_ros.task.ament_cmake.build:Building ROS package in '/home/yutou/ros2_ws/src/all' with build type 'ament_cmake'
[0.175s] INFO:colcon.colcon_cmake.task.cmake.build:Building CMake package in '/home/yutou/ros2_ws/src/all'
[0.177s] INFO:colcon.colcon_core.plugin_system:Skipping extension 'colcon_core.shell.bat': Not used on non-Windows systems
[0.177s] INFO:colcon.colcon_core.shell:Skip shell extension 'powershell' for command environment: Not usable outside of PowerShell
[0.177s] DEBUG:colcon.colcon_core.shell:Skip shell extension 'dsv' for command environment
[0.183s] DEBUG:colcon.colcon_core.event_handler.log_command:Invoking command in '/home/yutou/ros2_ws/build/all': CMAKE_PREFIX_PATH=${CMAKE_PREFIX_PATH}:/opt/ros/humble /usr/bin/cmake /home/yutou/ros2_ws/src/all -DCMAKE_INSTALL_PREFIX=/home/yutou/ros2_ws/install/all
[0.795s] DEBUG:colcon.colcon_core.event_handler.log_command:Invoked command in '/home/yutou/ros2_ws/build/all' returned '0': CMAKE_PREFIX_PATH=${CMAKE_PREFIX_PATH}:/opt/ros/humble /usr/bin/cmake /home/yutou/ros2_ws/src/all -DCMAKE_INSTALL_PREFIX=/home/yutou/ros2_ws/install/all
[0.801s] DEBUG:colcon.colcon_core.event_handler.log_command:Invoking command in '/home/yutou/ros2_ws/build/all': CMAKE_PREFIX_PATH=${CMAKE_PREFIX_PATH}:/opt/ros/humble /usr/bin/cmake --build /home/yutou/ros2_ws/build/all -- -j28 -l28
[0.844s] DEBUG:colcon.colcon_core.event_handler.log_command:Invoked command in '/home/yutou/ros2_ws/build/all' returned '0': CMAKE_PREFIX_PATH=${CMAKE_PREFIX_PATH}:/opt/ros/humble /usr/bin/cmake --build /home/yutou/ros2_ws/build/all -- -j28 -l28
[0.858s] DEBUG:colcon.colcon_core.event_handler.log_command:Invoking command in '/home/yutou/ros2_ws/build/all': CMAKE_PREFIX_PATH=${CMAKE_PREFIX_PATH}:/opt/ros/humble /usr/bin/cmake --install /home/yutou/ros2_ws/build/all
[0.868s] Level 1:colcon.colcon_core.environment:create_environment_scripts_only(all)
[0.869s] DEBUG:colcon.colcon_core.event_handler.log_command:Invoked command in '/home/yutou/ros2_ws/build/all' returned '0': CMAKE_PREFIX_PATH=${CMAKE_PREFIX_PATH}:/opt/ros/humble /usr/bin/cmake --install /home/yutou/ros2_ws/build/all
[0.870s] Level 1:colcon.colcon_core.environment:checking '/home/yutou/ros2_ws/install/all' for CMake module files
[0.871s] Level 1:colcon.colcon_core.environment:checking '/home/yutou/ros2_ws/install/all' for CMake config files
[0.871s] Level 1:colcon.colcon_core.shell:create_environment_hook('all', 'cmake_prefix_path')
[0.871s] INFO:colcon.colcon_core.shell:Creating environment hook '/home/yutou/ros2_ws/install/all/share/all/hook/cmake_prefix_path.ps1'
[0.871s] INFO:colcon.colcon_core.shell:Creating environment descriptor '/home/yutou/ros2_ws/install/all/share/all/hook/cmake_prefix_path.dsv'
[0.872s] INFO:colcon.colcon_core.shell:Creating environment hook '/home/yutou/ros2_ws/install/all/share/all/hook/cmake_prefix_path.sh'
[0.872s] Level 1:colcon.colcon_core.environment:checking '/home/yutou/ros2_ws/install/all/bin'
[0.872s] Level 1:colcon.colcon_core.environment:checking '/home/yutou/ros2_ws/install/all/lib/pkgconfig/all.pc'
[0.874s] Level 1:colcon.colcon_core.environment:checking '/home/yutou/ros2_ws/install/all/lib/python3.10/site-packages'
[0.875s] Level 1:colcon.colcon_core.environment:checking '/home/yutou/ros2_ws/install/all/bin'
[0.875s] INFO:colcon.colcon_core.shell:Creating package script '/home/yutou/ros2_ws/install/all/share/all/package.ps1'
[0.876s] INFO:colcon.colcon_core.shell:Creating package descriptor '/home/yutou/ros2_ws/install/all/share/all/package.dsv'
[0.877s] INFO:colcon.colcon_core.shell:Creating package script '/home/yutou/ros2_ws/install/all/share/all/package.sh'
[0.878s] INFO:colcon.colcon_core.shell:Creating package script '/home/yutou/ros2_ws/install/all/share/all/package.bash'
[0.878s] INFO:colcon.colcon_core.shell:Creating package script '/home/yutou/ros2_ws/install/all/share/all/package.zsh'
[0.879s] Level 1:colcon.colcon_core.environment:create_file_with_runtime_dependencies(/home/yutou/ros2_ws/install/all/share/colcon-core/packages/all)
[0.880s] Level 1:colcon.colcon_core.environment:create_environment_scripts_only(all)
[0.880s] Level 1:colcon.colcon_core.environment:checking '/home/yutou/ros2_ws/install/all' for CMake module files
[0.880s] Level 1:colcon.colcon_core.environment:checking '/home/yutou/ros2_ws/install/all' for CMake config files
[0.880s] Level 1:colcon.colcon_core.shell:create_environment_hook('all', 'cmake_prefix_path')
[0.881s] INFO:colcon.colcon_core.shell:Creating environment hook '/home/yutou/ros2_ws/install/all/share/all/hook/cmake_prefix_path.ps1'
[0.881s] INFO:colcon.colcon_core.shell:Creating environment descriptor '/home/yutou/ros2_ws/install/all/share/all/hook/cmake_prefix_path.dsv'
[0.881s] INFO:colcon.colcon_core.shell:Creating environment hook '/home/yutou/ros2_ws/install/all/share/all/hook/cmake_prefix_path.sh'
[0.882s] Level 1:colcon.colcon_core.environment:checking '/home/yutou/ros2_ws/install/all/bin'
[0.882s] Level 1:colcon.colcon_core.environment:checking '/home/yutou/ros2_ws/install/all/lib/pkgconfig/all.pc'
[0.882s] Level 1:colcon.colcon_core.environment:checking '/home/yutou/ros2_ws/install/all/lib/python3.10/site-packages'
[0.882s] Level 1:colcon.colcon_core.environment:checking '/home/yutou/ros2_ws/install/all/bin'
[0.883s] INFO:colcon.colcon_core.shell:Creating package script '/home/yutou/ros2_ws/install/all/share/all/package.ps1'
[0.883s] INFO:colcon.colcon_core.shell:Creating package descriptor '/home/yutou/ros2_ws/install/all/share/all/package.dsv'
[0.884s] INFO:colcon.colcon_core.shell:Creating package script '/home/yutou/ros2_ws/install/all/share/all/package.sh'
[0.884s] INFO:colcon.colcon_core.shell:Creating package script '/home/yutou/ros2_ws/install/all/share/all/package.bash'
[0.885s] INFO:colcon.colcon_core.shell:Creating package script '/home/yutou/ros2_ws/install/all/share/all/package.zsh'
[0.885s] Level 1:colcon.colcon_core.environment:create_file_with_runtime_dependencies(/home/yutou/ros2_ws/install/all/share/colcon-core/packages/all)
[0.885s] DEBUG:colcon.colcon_parallel_executor.executor.parallel:closing loop
[0.885s] DEBUG:colcon.colcon_parallel_executor.executor.parallel:loop closed
[0.885s] DEBUG:colcon.colcon_parallel_executor.executor.parallel:run_until_complete finished with '0'
[0.886s] DEBUG:colcon.colcon_core.event_reactor:joining thread
[0.898s] INFO:colcon.colcon_core.plugin_system:Skipping extension 'colcon_notification.desktop_notification.notify_send': Could not find 'notify-send'
[0.898s] INFO:colcon.colcon_core.plugin_system:Skipping extension 'colcon_notification.desktop_notification.terminal_notifier': Not used on non-Darwin systems
[0.898s] INFO:colcon.colcon_core.plugin_system:Skipping extension 'colcon_notification.desktop_notification.win32': Not used on non-Windows systems
[0.898s] INFO:colcon.colcon_notification.desktop_notification:Sending desktop notification using 'notify2'
[0.901s] DEBUG:colcon.colcon_notification.desktop_notification.notify2:Failed to initialize notify2: org.freedesktop.DBus.Error.Spawn.ExecFailed: /usr/bin/dbus-launch terminated abnormally without any error message
[0.901s] DEBUG:colcon.colcon_core.event_reactor:joined thread
[0.901s] INFO:colcon.colcon_core.shell:Creating prefix script '/home/yutou/ros2_ws/install/local_setup.ps1'
[0.902s] INFO:colcon.colcon_core.shell:Creating prefix util module '/home/yutou/ros2_ws/install/_local_setup_util_ps1.py'
[0.903s] INFO:colcon.colcon_core.shell:Creating prefix chain script '/home/yutou/ros2_ws/install/setup.ps1'
[0.903s] INFO:colcon.colcon_core.shell:Creating prefix script '/home/yutou/ros2_ws/install/local_setup.sh'
[0.904s] INFO:colcon.colcon_core.shell:Creating prefix util module '/home/yutou/ros2_ws/install/_local_setup_util_sh.py'
[0.904s] INFO:colcon.colcon_core.shell:Creating prefix chain script '/home/yutou/ros2_ws/install/setup.sh'
[0.905s] INFO:colcon.colcon_core.shell:Creating prefix script '/home/yutou/ros2_ws/install/local_setup.bash'
[0.905s] INFO:colcon.colcon_core.shell:Creating prefix chain script '/home/yutou/ros2_ws/install/setup.bash'
[0.906s] INFO:colcon.colcon_core.shell:Creating prefix script '/home/yutou/ros2_ws/install/local_setup.zsh'
[0.906s] INFO:colcon.colcon_core.shell:Creating prefix chain script '/home/yutou/ros2_ws/install/setup.zsh'
